11-16 00:59:34.201  2214  2310 W OpenGLRenderer: Failed to set EGL_SWAP_BEHAVIOR on surface 0x7638764a6d80, error=EGL_BAD_MATCH
11-16 00:59:34.209  2170  2170 W ContextImpl: Calling a method in the system process without a qualified user: android.app.ContextImpl.startService:1531 android.content.ContextWrapper.startService:664 android.content.ContextWrapper.startService:664 com.android.coreservice.CoreBroadcastReceiver.onReceive:45 android.app.ActivityThread.handleReceiver:3424 
11-16 00:59:34.211  2170  2170 W ContextImpl: Calling a method in the system process without a qualified user: android.app.ContextImpl.startService:1531 android.content.ContextWrapper.startService:664 android.content.ContextWrapper.startService:664 com.android.coreservice.CoreBroadcastReceiver.onReceive:54 android.app.ActivityThread.handleReceiver:3424 
11-16 00:59:34.238  2170  2170 W ContextImpl: Calling a method in the system process without a qualified user: android.app.ContextImpl.sendBroadcast:1020 android.content.ContextWrapper.sendBroadcast:449 com.android.coreservice.TabManager.notifyClosing:413 com.android.coreservice.TabManager.updateInner:200 com.android.coreservice.TabManager.onUpdate:235 
11-16 00:59:34.238  1572  1582 I ActivityManager: Killing 3396:com.idealdimension.EmpireAttack/u0a53 (adj 900): remove task
11-16 00:59:34.238  1572  1590 W libprocessgroup: kill(-3396, 9) failed: No such process
11-16 00:59:34.257  1410  1410 I Zygote  : Process 3396 exited due to signal (9)
11-16 00:59:34.267  1572  1579 W System  : A resource failed to call close. 
11-16 00:59:34.267  1572  1579 I chatty  : uid=1000(system) FinalizerDaemon identical 6 lines
11-16 00:59:34.267  1572  1579 W System  : A resource failed to call close. 
11-16 00:59:34.267  2170  2170 I CoreService: notifyClosing notify tab closed taskPackageName:com.idealdimension.EmpireAttack
11-16 00:59:34.268  1572  1579 W System  : A resource failed to call close. 
11-16 00:59:34.268  1572  1579 I chatty  : uid=1000(system) FinalizerDaemon identical 13 lines
11-16 00:59:34.268  1572  1579 W System  : A resource failed to call close. 
11-16 00:59:34.268  1443  2100 W SurfaceFlinger: Attempting to destroy on removed layer: AppWindowToken{dffa059 token=Token{8d49ca0 ActivityRecord{3c051a3 u0 com.idealdimension.EmpireAttack/cn.cmgame.billing.api.GameOpenActivity t31}}}#0
11-16 00:59:34.269  1572  2304 W ActivityManager: Ignoring remove of inactive process: ProcessRecord{7527024 0:com.idealdimension.EmpireAttack/u0a53}
11-16 00:59:34.270  2170  2170 W ContextImpl: Calling a method in the system process without a qualified user: android.app.ContextImpl.startService:1531 android.content.ContextWrapper.startService:664 android.content.ContextWrapper.startService:664 com.android.coreservice.CoreBroadcastReceiver.onReceive:54 android.app.ActivityThread.handleReceiver:3424 
11-16 00:59:34.283  1572  1590 W libprocessgroup: kill(-3396, 9) failed: No such process
11-16 00:59:34.283  1572  1590 I libprocessgroup: Successfully killed process cgroup uid 10053 pid 3396 in 45ms
11-16 00:59:34.291  1572  2754 I         : fastpipe: close connect
11-16 00:59:34.354  1443  2100 W SurfaceFlinger: Attempting to destroy on removed layer: 8e9435c Application Error: com.idealdimension.EmpireAttack#0
11-16 00:59:34.729  2214  2310 W OpenGLRenderer: Incorrectly called buildLayer on View: ShortcutAndWidgetContainer, destroying layer...
11-16 00:59:35.237  2214  2214 D LdShortcut: shortcutCmd cmd=7
11-16 00:59:35.237  1572  1868 I ActivityManager: START u0 {act=android.intent.action.MAIN cat=[android.intent.category.LAUNCHER] flg=0x10200000 cmp=com.idealdimension.EmpireAttack/cn.cmgame.billing.api.GameOpenActivity bnds=[567,144][800,317] (has extras)} from uid 10026
11-16 00:59:35.287  2170  2170 W ContextImpl: Calling a method in the system process without a qualified user: android.app.ContextImpl.startService:1531 android.content.ContextWrapper.startService:664 android.content.ContextWrapper.startService:664 com.android.coreservice.CoreBroadcastReceiver.onReceive:45 android.app.ActivityThread.handleReceiver:3424 
11-16 00:59:35.288  1439  1555 D AudioFlinger: mixer(0xf3483640) throttle end: throttle time(4)
11-16 00:59:35.300  1427  1427 I HwBinder:1427_2: type=1400 audit(0.0:843): avc: denied { ioctl } for path="/dev/fastpipe" dev="tmpfs" ino=7230 ioctlcmd=6867 scontext=u:r:hal_graphics_allocator_default:s0 tcontext=u:object_r:device:s0 tclass=chr_file permissive=1
11-16 00:59:35.300  1427  1427 W HwBinder:1427_2: type=1300 audit(0.0:843): arch=c000003e syscall=16 success=yes exit=0 a0=5 a1=80046867 a2=76391702c130 a3=763917027308 items=0 ppid=1 auid=4294967295 uid=1000 gid=1003 euid=1000 suid=1000 fsuid=1000 egid=1003 sgid=1003 fsgid=1003 tty=(none) ses=4294967295 exe="/system/vendor/bin/hw/android.hardware.graphics.allocator@2.0-service" subj=u:r:hal_graphics_allocator_default:s0 key=(null)
11-16 00:59:35.300  1367  1367 W auditd  : type=1327 audit(0.0:843): proctitle="/vendor/bin/hw/android.hardware.graphics.allocator@2.0-service"
11-16 00:59:35.300  1367  1367 W auditd  : type=1320 audit(0.0:843): 
11-16 00:59:35.300  1427  1427 I HwBinder:1427_2: type=1400 audit(0.0:844): avc: denied { read write } for name="fastpipe" dev="tmpfs" ino=7230 scontext=u:r:hal_graphics_allocator_default:s0 tcontext=u:object_r:device:s0 tclass=chr_file permissive=1
11-16 00:59:35.329  3419  3419 D nativebridge: PreInitializeNativeBridge name=zygote instruction_set=arm
11-16 00:59:35.335  1572  1589 I ActivityManager: Start proc 3419:com.idealdimension.EmpireAttack/u0a53 for activity com.idealdimension.EmpireAttack/cn.cmgame.billing.api.GameOpenActivity
11-16 00:59:35.347  3419  3419 W nativebridge: Failed to bind-mount /data/local/cfg-gandz/ as /proc/cpuinfo: Not a directory
11-16 00:59:35.349  3419  3419 I Zygote  : seccomp disabled by setenforce 0
11-16 00:59:35.352  3419  3419 V libnb   : enter native_bridge2_initialize /data/user/0/com.idealdimension.EmpireAttack/code_cache arm
11-16 00:59:35.353  3419  3419 D houdini : [3419] Initialize library(version: 9.0.7a_y.38597 RELEASE)... successfully.
11-16 00:59:35.354  3419  3419 V libnb   : enter native_bridge2_isCompatibleWith 2
11-16 00:59:35.354  3419  3419 I chatty  : uid=10053(com.idealdimension.EmpireAttack) identical 63 lines
11-16 00:59:35.354  3419  3419 V libnb   : enter native_bridge2_isCompatibleWith 2
11-16 00:59:35.357  2391  2449 D LdAnalyticsSDK: responseCode = 200
11-16 00:59:35.359  3419  3419 E on.EmpireAttac: Not starting debugger since process cannot load the jdwp agent.
11-16 00:59:35.427  2170  2170 W ContextImpl: Calling a method in the system process without a qualified user: android.app.ContextImpl.startService:1531 android.content.ContextWrapper.startService:664 android.content.ContextWrapper.startService:664 com.android.coreservice.CoreBroadcastReceiver.onReceive:54 android.app.ActivityThread.handleReceiver:3424 
11-16 00:59:35.429  3419  3419 I on.EmpireAttac: The ClassLoaderContext is a special shared library.
11-16 00:59:35.430  3419  3419 V libnb   : enter native_bridge2_isCompatibleWith 3
11-16 00:59:35.430  3419  3419 V libnb   : enter native_bridge3_isPathSupported /data/app/com.idealdimension.EmpireAttack-dgqQRadCgq3p7_Xsg1KgNQ==/lib/arm:/system/fake-libs:/data/app/com.idealdimension.EmpireAttack-dgqQRadCgq3p7_Xsg1KgNQ==/base.apk!/lib/armeabi
11-16 00:59:35.430  3419  3419 V libnb   : enter native_bridge2_isCompatibleWith 3
11-16 00:59:35.430  3419  3419 V libnb   : enter native_bridge3_initAnonymousNamespace libandroid.so:libaaudio.so:libc.so:libcamera2ndk.so:libdl.so:libEGL.so:libGLESv1_CM.so:libGLESv2.so:libGLESv3.so:libicui18n.so:libicuuc.so:libjnigraphics.so:liblog.so:libmediandk.so:libm.so:libnativewindow.so:libneuralnetworks.so:libOpenMAXAL.so:libOpenSLES.so:libRS.so:libstdc++.so:libsync.so:libvulkan.so:libwebviewchromium_plat_support.so:libz.so, /data/app/com.idealdimension.EmpireAttack-dgqQRadCgq3p7_Xsg1KgNQ==/lib/arm:/system/fake-libs:/data/app/com.idealdimension.EmpireAttack-dgqQRadCgq3p7_Xsg1KgNQ==/base.apk!/lib/armeabi
11-16 00:59:35.430  3419  3419 V libnb   : enter native_bridge2_isCompatibleWith 3
11-16 00:59:35.430  3419  3419 V libnb   : enter native_bridge3_isPathSupported /data/app/com.idealdimension.EmpireAttack-dgqQRadCgq3p7_Xsg1KgNQ==/lib/arm:/system/fake-libs:/data/app/com.idealdimension.EmpireAttack-dgqQRadCgq3p7_Xsg1KgNQ==/base.apk!/lib/armeabi
11-16 00:59:35.430  3419  3419 V libnb   : enter native_bridge2_isCompatibleWith 3
11-16 00:59:35.430  3419  3419 V libnb   : enter native_bridge3_createNamespace classloader-namespace, (null), /data/app/com.idealdimension.EmpireAttack-dgqQRadCgq3p7_Xsg1KgNQ==/lib/arm:/system/fake-libs:/data/app/com.idealdimension.EmpireAttack-dgqQRadCgq3p7_Xsg1KgNQ==/base.apk!/lib/armeabi, /data:/mnt/expand:/data/user/0/com.idealdimension.EmpireAttack
11-16 00:59:35.430  3419  3419 V libnb   : enter native_bridge2_isCompatibleWith 4
11-16 00:59:35.430  3419  3419 V libnb   : enter native_bridge2_isCompatibleWith 3
11-16 00:59:35.430  3419  3419 V libnb   : enter native_bridge3_linkNamespaces libandroid.so:libaaudio.so:libc.so:libcamera2ndk.so:libdl.so:libEGL.so:libGLESv1_CM.so:libGLESv2.so:libGLESv3.so:libicui18n.so:libicuuc.so:libjnigraphics.so:liblog.so:libmediandk.so:libm.so:libnativewindow.so:libneuralnetworks.so:libOpenMAXAL.so:libOpenSLES.so:libRS.so:libstdc++.so:libsync.so:libvulkan.so:libwebviewchromium_plat_support.so:libz.so
11-16 00:59:35.438  3419  3419 I System.out: java.io.FileNotFoundException: /data/dalvik-cache/data@app@com.idealdimension.EmpireAttack-dgqQRadCgq3p7_Xsg1KgNQ==@base.apk@classes.dex (No such file or directory)
11-16 00:59:35.438  3419  3419 I System.out: 	at java.io.FileInputStream.open0(Native Method)
11-16 00:59:35.438  3419  3419 I System.out: 	at java.io.FileInputStream.open(FileInputStream.java:231)
11-16 00:59:35.438  3419  3419 I System.out: 	at java.io.FileInputStream.<init>(FileInputStream.java:165)
11-16 00:59:35.438  3419  3419 I System.out: 	at java.io.FileInputStream.<init>(FileInputStream.java:112)
11-16 00:59:35.438  3419  3419 I System.out: 	at com.bangcle.protect.Util.calFileMD5(Util.java:756)
11-16 00:59:35.438  3419  3419 I System.out: 	at com.bangcle.protect.Util.doCheck(Util.java:682)
11-16 00:59:35.438  3419  3419 I System.out: 	at com.bangcle.protect.Util.runAll(Util.java:785)
11-16 00:59:35.438  3419  3419 I System.out: 	at com.idealdimension.EmpireAttack.CmgameApplication.onCreate(ApplicationTemplate.java:50)
11-16 00:59:35.438  3419  3419 I System.out: 	at android.app.Instrumentation.callApplicationOnCreate(Instrumentation.java:1154)
11-16 00:59:35.438  3419  3419 I System.out: 	at android.app.ActivityThread.handleBindApplication(ActivityThread.java:6025)
11-16 00:59:35.438  3419  3419 I System.out: 	at android.app.ActivityThread.access$1100(ActivityThread.java:207)
11-16 00:59:35.438  3419  3419 I System.out: 	at android.app.ActivityThread$H.handleMessage(ActivityThread.java:1663)
11-16 00:59:35.438  3419  3419 I System.out: 	at android.os.Handler.dispatchMessage(Handler.java:106)
11-16 00:59:35.438  3419  3419 I System.out: 	at android.os.Looper.loop(Looper.java:193)
11-16 00:59:35.438  3419  3419 I System.out: 	at android.app.ActivityThread.main(ActivityThread.java:6829)
11-16 00:59:35.438  3419  3419 I System.out: 	at java.lang.reflect.Method.invoke(Native Method)
11-16 00:59:35.438  3419  3419 I System.out: 	at com.android.internal.os.RuntimeInit$MethodAndArgsCaller.run(RuntimeInit.java:493)
11-16 00:59:35.438  3419  3419 I System.out: 	at com.android.internal.os.ZygoteInit.main(ZygoteInit.java:860)
11-16 00:59:35.450  3419  3419 V libnb   : enter native_bridge2_isCompatibleWith 3
11-16 00:59:35.450  3419  3419 V libnb   : enter native_bridge3_loadLibraryExt /data/data/com.idealdimension.EmpireAttack/.cache/libsecexe.x86.so, 0, 0x3
11-16 00:59:35.460  3419  3419 W linker  : Warning: "/data/data/com.idealdimension.EmpireAttack/.cache/libsecexe.x86.so" has unsupported e_shentsize 0x0 (expected 0x28) and will not work when the app moves to API level 26 or later (https://android.googlesource.com/platform/bionic/+/master/invalid-elf-header_section-headers-enforced-for-api-level-26) (allowing for now because this app's target API level is still 14)
11-16 00:59:35.460  3419  3419 W linker  : Warning: "/data/data/com.idealdimension.EmpireAttack/.cache/libsecexe.x86.so" has invalid e_shstrndx and will not work when the app moves to API level 26 or later (https://android.googlesource.com/platform/bionic/+/master/invalid-elf-header_section-headers-enforced-for-api-level-26) (allowing for now because this app's target API level is still 14)
11-16 00:59:35.460  3419  3419 E linker  : "/data/data/com.idealdimension.EmpireAttack/.cache/libsecexe.x86.so" has no section headers
11-16 00:59:35.460  3419  3419 V libnb   : native_bridge3_loadLibraryExt: 0x0
11-16 00:59:35.460  3419  3419 V libnb   : enter native_bridge2_isCompatibleWith 3
11-16 00:59:35.460  3419  3419 V libnb   : enter native_bridge3_getError
11-16 00:59:35.460  3419  3419 D AndroidRuntime: Shutting down VM
11-16 00:59:35.460  3419  3419 E AndroidRuntime: FATAL EXCEPTION: main
11-16 00:59:35.460  3419  3419 E AndroidRuntime: Process: com.idealdimension.EmpireAttack, PID: 3419
11-16 00:59:35.460  3419  3419 E AndroidRuntime: java.lang.UnsatisfiedLinkError: no error!
11-16 00:59:35.460  3419  3419 E AndroidRuntime: 	at java.lang.Runtime.load0(Runtime.java:962)
11-16 00:59:35.460  3419  3419 E AndroidRuntime: 	at java.lang.System.load(System.java:1642)
11-16 00:59:35.460  3419  3419 E AndroidRuntime: 	at com.bangcle.protect.ACall.<clinit>(ACall.java:29)
11-16 00:59:35.460  3419  3419 E AndroidRuntime: 	at com.bangcle.protect.ACall.getACall(ACall.java:44)
11-16 00:59:35.460  3419  3419 E AndroidRuntime: 	at com.bangcle.protect.Util.CopyBinaryFile(Util.java:601)
11-16 00:59:35.460  3419  3419 E AndroidRuntime: 	at com.bangcle.protect.Util.runAll(Util.java:800)
11-16 00:59:35.460  3419  3419 E AndroidRuntime: 	at com.idealdimension.EmpireAttack.CmgameApplication.onCreate(ApplicationTemplate.java:50)
11-16 00:59:35.460  3419  3419 E AndroidRuntime: 	at android.app.Instrumentation.callApplicationOnCreate(Instrumentation.java:1154)
11-16 00:59:35.460  3419  3419 E AndroidRuntime: 	at android.app.ActivityThread.handleBindApplication(ActivityThread.java:6025)
11-16 00:59:35.460  3419  3419 E AndroidRuntime: 	at android.app.ActivityThread.access$1100(ActivityThread.java:207)
11-16 00:59:35.460  3419  3419 E AndroidRuntime: 	at android.app.ActivityThread$H.handleMessage(ActivityThread.java:1663)
11-16 00:59:35.460  3419  3419 E AndroidRuntime: 	at android.os.Handler.dispatchMessage(Handler.java:106)
11-16 00:59:35.460  3419  3419 E AndroidRuntime: 	at android.os.Looper.loop(Looper.java:193)
11-16 00:59:35.460  3419  3419 E AndroidRuntime: 	at android.app.ActivityThread.main(ActivityThread.java:6829)
11-16 00:59:35.460  3419  3419 E AndroidRuntime: 	at java.lang.reflect.Method.invoke(Native Method)
11-16 00:59:35.460  3419  3419 E AndroidRuntime: 	at com.android.internal.os.RuntimeInit$MethodAndArgsCaller.run(RuntimeInit.java:493)
11-16 00:59:35.460  3419  3419 E AndroidRuntime: 	at com.android.internal.os.ZygoteInit.main(ZygoteInit.java:860)
11-16 00:59:35.462  1572  1843 W ActivityManager:   Force finishing activity com.idealdimension.EmpireAttack/cn.cmgame.billing.api.GameOpenActivity
11-16 00:59:35.465  1572  1588 I ActivityManager: Showing crash dialog for package com.idealdimension.EmpireAttack u0
11-16 00:59:35.508  1572  1579 W System  : A resource failed to call close. 
11-16 00:59:35.508  1572  1579 I chatty  : uid=1000(system) FinalizerDaemon identical 24 lines
11-16 00:59:35.508  1572  1579 W System  : A resource failed to call close. 
11-16 00:59:35.510  1572  2754 I         : fastpipe: Connect success
11-16 00:59:35.511  1572  2754 D HostConnection: HostRPC::connect sucess: app=system_server, pid=1572, tid=2754, this=0x76386fd93100
11-16 00:59:35.511  1572  2754 D HostConnection: queryAndSetGLESMaxVersion select gles-version: 3.1 hostGLVersion:46 process:system_server
11-16 00:59:35.513  1572  2754 I ConfigStore: android::hardware::configstore::V1_0::ISurfaceFlingerConfigs::hasWideColorDisplay retrieved: 0
11-16 00:59:35.513  1572  2754 I ConfigStore: android::hardware::configstore::V1_0::ISurfaceFlingerConfigs::hasHDRDisplay retrieved: 0
11-16 00:59:35.513  1572  2754 I OpenGLRenderer: Initialized EGL, version 1.4
11-16 00:59:35.513  1572  2754 D OpenGLRenderer: Swap behavior 1
11-16 00:59:35.541  1572  2754 D EGL_emulation: eglCreateContext: 0x76386aacecc0: maj 3 min 1 rcv 4
11-16 00:59:35.579  1572  2754 D HostConnection: ExtendedRCEncoderContext GL_VERSION return OpenGL ES 3.1 v1
11-16 00:59:35.581  1572  2754 E eglCodecCommon: glUtilsParamSize: unknow param 0x00008c29
11-16 00:59:35.582  1572  2754 E eglCodecCommon: glUtilsParamSize: unknow param 0x000087fe
11-16 00:59:35.589  1572  2754 E EGL_emulation: tid 2754: eglSurfaceAttrib(1493): error 0x3009 (EGL_BAD_MATCH)
11-16 00:59:35.589  1572  2754 W OpenGLRenderer: Failed to set EGL_SWAP_BEHAVIOR on surface 0x7638703f1b00, error=EGL_BAD_MATCH
11-16 00:59:35.639  1572  1588 W Looper  : Slow dispatch took 136ms android.ui h=android.view.Choreographer$FrameHandler c=android.view.Choreographer$FrameDisplayEventReceiver@71bfd92 m=0
11-16 00:59:35.652  1721  1749 E ndroid.systemu: No package ID ff found for ID 0xffffffff.
11-16 00:59:35.652  1721  1749 E IconLoader: Could not find icon drawable from resource
11-16 00:59:35.652  1721  1749 E IconLoader: android.content.res.Resources$NotFoundException: Resource ID #0xffffffff
11-16 00:59:35.652  1721  1749 E IconLoader: 	at android.content.res.ResourcesImpl.getValueForDensity(ResourcesImpl.java:236)
11-16 00:59:35.652  1721  1749 E IconLoader: 	at android.content.res.Resources.getDrawableForDensity(Resources.java:887)
11-16 00:59:35.652  1721  1749 E IconLoader: 	at android.content.res.Resources.getDrawable(Resources.java:827)
11-16 00:59:35.652  1721  1749 E IconLoader: 	at com.android.systemui.shared.recents.model.IconLoader.createNewIconForTask(IconLoader.java:118)
11-16 00:59:35.652  1721  1749 E IconLoader: 	at com.android.systemui.shared.recents.model.IconLoader.getAndInvalidateIfModified(IconLoader.java:94)
11-16 00:59:35.652  1721  1749 E IconLoader: 	at com.android.systemui.shared.recents.model.RecentsTaskLoader.getAndUpdateActivityIcon(RecentsTaskLoader.java:325)
11-16 00:59:35.652  1721  1749 E IconLoader: 	at com.android.systemui.shared.recents.model.RecentsTaskLoadPlan.executePlan(RecentsTaskLoadPlan.java:188)
11-16 00:59:35.652  1721  1749 E IconLoader: 	at com.android.systemui.shared.recents.model.RecentsTaskLoader.loadTasks(RecentsTaskLoader.java:173)
11-16 00:59:35.652  1721  1749 E IconLoader: 	at com.android.systemui.recents.RecentsImpl$TaskStackListenerImpl.onTaskStackChangedBackground(RecentsImpl.java:184)
11-16 00:59:35.652  1721  1749 E IconLoader: 	at com.android.systemui.shared.system.TaskStackChangeListeners.onTaskStackChanged(TaskStackChangeListeners.java:80)
11-16 00:59:35.652  1721  1749 E IconLoader: 	at android.app.ITaskStackListener$Stub.onTransact(ITaskStackListener.java:50)
11-16 00:59:35.652  1721  1749 E IconLoader: 	at android.os.Binder.execTransact(Binder.java:731)
11-16 00:59:35.962  1572  1587 W ActivityManager: Activity pause timeout for ActivityRecord{ca6fba8 u0 com.idealdimension.EmpireAttack/cn.cmgame.billing.api.GameOpenActivity t32 f}
11-16 00:59:36.014  2214  2310 E EGL_emulation: tid 2310: eglSurfaceAttrib(1493): error 0x3009 (EGL_BAD_MATCH)
11-16 00:59:36.014  2214  2310 W OpenGLRenderer: Failed to set EGL_SWAP_BEHAVIOR on surface 0x7638764a6d80, error=EGL_BAD_MATCH
11-16 00:59:36.016  2170  2170 W ContextImpl: Calling a method in the system process without a qualified user: android.app.ContextImpl.startService:1531 android.content.ContextWrapper.startService:664 android.content.ContextWrapper.startService:664 com.android.coreservice.CoreBroadcastReceiver.onReceive:45 android.app.ActivityThread.handleReceiver:3424 
11-16 00:59:36.020  2170  2170 W ContextImpl: Calling a method in the system process without a qualified user: android.app.ContextImpl.startService:1531 android.content.ContextWrapper.startService:664 android.content.ContextWrapper.startService:664 com.android.coreservice.CoreBroadcastReceiver.onReceive:54 android.app.ActivityThread.handleReceiver:3424 
11-16 00:59:36.052  1572  1843 I ActivityManager: START u0 {act=android.settings.APPLICATION_DETAILS_SETTINGS dat=package:com.idealdimension.EmpireAttack flg=0x10000000 cmp=com.android.settings/.applications.InstalledAppDetails} from uid 1000
11-16 00:59:36.053  1572  2754 D OpenGLRenderer: endAllActiveAnimators on 0x76388bfcd000 (RippleDrawable) with handle 0x76386ac31020
11-16 00:59:36.065  2170  2170 W ContextImpl: Calling a method in the system process without a qualified user: android.app.ContextImpl.sendBroadcast:1020 android.content.ContextWrapper.sendBroadcast:449 com.android.coreservice.TabManager.notifyClosing:413 com.android.coreservice.TabManager.updateInner:200 com.android.coreservice.TabManager.onUpdate:235 
11-16 00:59:36.077  1572  2754 I         : fastpipe: close connect
11-16 00:59:36.081  1439  1555 D AudioFlinger: mixer(0xf3483640) throttle end: throttle time(6)
11-16 00:59:36.094  3419  3419 W System.err: java.lang.Exception: call killProcess callstack! pid=3419
11-16 00:59:36.094  3419  3419 W System.err: 	at android.os.Process.killProcess(Process.java:915)
11-16 00:59:36.094  3419  3419 W System.err: 	at com.android.internal.os.RuntimeInit$KillApplicationHandler.uncaughtException(RuntimeInit.java:157)
11-16 00:59:36.094  3419  3419 W System.err: 	at java.lang.ThreadGroup.uncaughtException(ThreadGroup.java:1085)
11-16 00:59:36.094  3419  3419 W System.err: 	at java.lang.ThreadGroup.uncaughtException(ThreadGroup.java:1065)
11-16 00:59:36.094  3419  3419 W System.err: 	at java.lang.Thread.dispatchUncaughtException(Thread.java:1955)
11-16 00:59:36.094  3419  3419 I Process : Sending signal. PID: 3419 SIG: 9
11-16 00:59:36.103  1572  1844 I ActivityManager: Killing 3419:com.idealdimension.EmpireAttack/u0a53 (adj 900): remove task
11-16 00:59:36.103  2170  2170 I CoreService: notifyClosing notify tab closed taskPackageName:com.idealdimension.EmpireAttack
11-16 00:59:36.103  1572  1590 W libprocessgroup: kill(-3419, 9) failed: No such process
11-16 00:59:36.103  2170  2170 W ContextImpl: Calling a method in the system process without a qualified user: android.app.ContextImpl.startService:1531 android.content.ContextWrapper.startService:664 android.content.ContextWrapper.startService:664 com.android.coreservice.CoreBroadcastReceiver.onReceive:45 android.app.ActivityThread.handleReceiver:3424 
11-16 00:59:36.111  1914  1914 W ActivityThread: handleWindowVisibility: no activity for token android.os.BinderProxy@f0474d5
11-16 00:59:36.111  1572  1579 W System  : A resource failed to call close. 
11-16 00:59:36.112  1572  1579 I chatty  : uid=1000(system) FinalizerDaemon identical 25 lines
11-16 00:59:36.112  1572  1579 W System  : A resource failed to call close. 
11-16 00:59:36.118  1410  1410 I Zygote  : Process 3419 exited due to signal (9)
11-16 00:59:36.121  2170  2170 W ContextImpl: Calling a method in the system process without a qualified user: android.app.ContextImpl.startService:1531 android.content.ContextWrapper.startService:664 android.content.ContextWrapper.startService:664 com.android.coreservice.CoreBroadcastReceiver.onReceive:54 android.app.ActivityThread.handleReceiver:3424 
11-16 00:59:36.132  1914  1914 D SettingsActivity: Starting onCreate
11-16 00:59:36.133  1443  2100 W SurfaceFlinger: Attempting to set client state on removed layer: Dim Layer for - mAboveAppWindowsContainers#0
11-16 00:59:36.133  1443  2100 W SurfaceFlinger: Attempting to destroy on removed layer: Dim Layer for - mAboveAppWindowsContainers#0
11-16 00:59:36.137  1443  2100 W SurfaceFlinger: Attempting to destroy on removed layer: 886e0e4 Application Error: com.idealdimension.EmpireAttack#0
11-16 00:59:36.147  1572  1590 W libprocessgroup: kill(-3419, 9) failed: No such process
11-16 00:59:36.147  1572  1590 I libprocessgroup: Successfully killed process cgroup uid 10053 pid 3419 in 43ms
11-16 00:59:36.178  2170  2170 E CoreService: LoadIconFile not found
11-16 00:59:36.187  1914  1914 D SettingsActivity: Starting to set activity title
11-16 00:59:36.187  1914  1914 D SettingsActivity: Done setting title
11-16 00:59:36.187  1914  1914 D SettingsActivity: Switching to fragment com.android.settings.applications.appinfo.AppInfoDashboardFragment
11-16 00:59:36.199  1914  1914 D PrefCtrlListHelper: Could not find Context-only controller for pref: com.android.settings.applications.appinfo.AppNotificationPreferenceController
11-16 00:59:36.199  1914  1914 D PrefCtrlListHelper: Could not find Context-only controller for pref: com.android.settings.applications.appinfo.AppPermissionPreferenceController
11-16 00:59:36.199  1914  1914 D PrefCtrlListHelper: Could not find Context-only controller for pref: com.android.settings.applications.appinfo.AppStoragePreferenceController
11-16 00:59:36.199  1914  1914 D PrefCtrlListHelper: Could not find Context-only controller for pref: com.android.settings.applications.appinfo.InstantAppDomainsPreferenceController
11-16 00:59:36.199  1914  1914 D PrefCtrlListHelper: Could not find Context-only controller for pref: com.android.settings.applications.appinfo.AppDataUsagePreferenceController
11-16 00:59:36.199  1914  1914 D PrefCtrlListHelper: Could not find Context-only controller for pref: com.android.settings.applications.appinfo.TimeSpentInAppPreferenceController
11-16 00:59:36.199  1914  1914 D PrefCtrlListHelper: Could not find Context-only controller for pref: com.android.settings.applications.appinfo.AppOpenByDefaultPreferenceController
11-16 00:59:36.199  1914  1914 D PrefCtrlListHelper: Could not find Context-only controller for pref: com.android.settings.applications.appinfo.AdvancedAppInfoPreferenceCategoryController
11-16 00:59:36.199  1914  1914 D PrefCtrlListHelper: Could not find Context-only controller for pref: com.android.settings.applications.appinfo.DrawOverlayDetailPreferenceController
11-16 00:59:36.199  1914  1914 D PrefCtrlListHelper: Could not find Context-only controller for pref: com.android.settings.applications.appinfo.WriteSystemSettingsPreferenceController
11-16 00:59:36.199  1914  1914 D PrefCtrlListHelper: Could not find Context-only controller for pref: com.android.settings.applications.appinfo.PictureInPictureDetailPreferenceController
11-16 00:59:36.199  1914  1914 D PrefCtrlListHelper: Could not find Context-only controller for pref: com.android.settings.applications.appinfo.ExternalSourceDetailPreferenceController
11-16 00:59:36.200  1914  1914 D PrefCtrlListHelper: Could not find Context-only controller for pref: com.android.settings.applications.appinfo.AppInstallerPreferenceCategoryController
11-16 00:59:36.200  1914  1914 D PrefCtrlListHelper: Could not find Context-only controller for pref: com.android.settings.applications.appinfo.AppInstallerInfoPreferenceController
11-16 00:59:36.200  1914  1914 D PrefCtrlListHelper: Could not find Context-only controller for pref: com.android.settings.applications.appinfo.AppSettingPreferenceController
11-16 00:59:36.200  1914  1914 D PrefCtrlListHelper: Could not find Context-only controller for pref: com.android.settings.applications.appinfo.AppVersionPreferenceController
11-16 00:59:36.205  1914  1914 W InstrumentedPrefFrag: Screen title missing for fragment com.android.settings.applications.appinfo.AppInfoDashboardFragment
11-16 00:59:36.296  1572  1579 W System  : A resource failed to call close. 
11-16 00:59:36.296  1572  1579 I chatty  : uid=1000(system) FinalizerDaemon identical 23 lines
11-16 00:59:36.296  1572  1579 W System  : A resource failed to call close. 
11-16 00:59:36.310  1914  1914 D AppInfoDashboard: NO dashboard tiles for AppInfoDashboard
11-16 00:59:36.310  1914  1914 D SettingsActivity: Executed frag manager pendingTransactions
11-16 00:59:36.316  1914  2825 I DeviceIndex: Skipping: device index is not enabled
11-16 00:59:36.318  1914  3440 W TileUtils: Found com.android.settings.Settings$NotificationAppListActivity for intent Intent { act=com.android.settings.action.SETTINGS pkg=com.android.settings } missing metadata com.android.settings.category
11-16 00:59:36.321  1572  1591 E BatteryExternalStatsWorker: no controller energy info supplied for wifi
11-16 00:59:36.321  1572  1591 E BatteryExternalStatsWorker: no controller energy info supplied for bluetooth
11-16 00:59:36.326  1914  1914 I com.android.settings: type=1400 audit(0.0:851): avc: denied { search } for comm=4173796E635461736B202338 name="/" dev="bpf" ino=1 scontext=u:r:system_app:s0 tcontext=u:object_r:fs_bpf:s0 tclass=dir permissive=1
11-16 00:59:36.326  1914  1914 W com.android.settings: type=1300 audit(0.0:851): arch=c000003e syscall=269 success=no exit=-2 a0=ffffff9c a1=76388a2af410 a2=0 a3=7638889a3c88 items=0 ppid=1409 auid=4294967295 uid=1000 gid=1000 euid=1000 suid=1000 fsuid=1000 egid=1000 sgid=1000 fsgid=1000 tty=(none) ses=4294967295 comm=4173796E635461736B202338 exe="/system/bin/app_process64" subj=u:r:system_app:s0 key=(null)
11-16 00:59:36.326  1367  1367 W auditd  : type=1327 audit(0.0:851): proctitle="com.android.settings"
11-16 00:59:36.326  1367  1367 W auditd  : type=1320 audit(0.0:851): 
11-16 00:59:36.327  1489  1489 E VSoCRil : Request 135 not supported.
11-16 00:59:36.328  1572  1591 E KernelCpuSpeedReader: Failed to read cpu-freq: /sys/devices/system/cpu/cpu0/cpufreq/stats/time_in_state (No such file or directory)
11-16 00:59:36.328  1572  1591 E KernelWakelockReader: neither /proc/wakelocks nor /d/wakeup_sources exists
11-16 00:59:36.329  1572  1591 W BatteryStatsImpl: Couldn't get kernel wake lock stats
11-16 00:59:36.329  1572  1591 W BatteryExternalStatsWorker: modem info is invalid: ModemActivityInfo{ mTimestamp=0 mSleepTimeMs=0 mIdleTimeMs=0 mTxTimeMs[]=[0, 0, 0, 0, 0] mRxTimeMs=0 mEnergyUsed=0}
11-16 00:59:36.329  1572  1591 D KernelUidCpuTimeReader: Removing uids 1037-1037
11-16 00:59:36.329  1572  1591 D KernelUidCpuTimeReader: Removing uids 1037-1037
11-16 00:59:36.329  1572  1591 D KernelUidCpuTimeReader: Removing uids 10050-10050
11-16 00:59:36.329  1572  1591 D KernelUidCpuTimeReader: Removing uids 10051-10051
11-16 00:59:36.348  1914  3440 D SettingsActivity: No enabled state changed, skipping updateCategory call
11-16 00:59:36.351  1914  1914 D AppUtils: Have 0 number of activities in preferred list
11-16 00:59:36.351  1914  1914 W ContextImpl: Calling a method in the system process without a qualified user: android.app.ContextImpl.bindService:1611 android.content.ContextWrapper.bindService:698 android.content.pm.permission.RuntimePermissionPresenter$RemoteService.processMessage:171 android.content.pm.permission.RuntimePermissionPresenter.getAppPermissions:118 com.android.settingslib.applications.PermissionsSummaryHelper.getPermissionSummary:34 
11-16 00:59:36.384  1914  1914 W AppActionButtonControl: App is not explicitly stopped
11-16 00:59:36.387  1914  1914 D AppUtils: Have 0 number of activities in preferred list
11-16 00:59:36.395  2170  2170 W ContextImpl: Calling a method in the system process without a qualified user: android.app.ContextImpl.startService:1531 android.content.ContextWrapper.startService:664 android.content.ContextWrapper.startService:664 com.android.coreservice.CoreBroadcastReceiver.onReceive:54 android.app.ActivityThread.handleReceiver:3424 
11-16 00:59:36.403  1443  1443 I Binder:1443_2: type=1400 audit(0.0:852): avc: denied { read write } for path="/dev/fastpipe" dev="tmpfs" ino=7230 scontext=u:r:system_app:s0 tcontext=u:object_r:device:s0 tclass=chr_file permissive=1
11-16 00:59:36.405  1914  1943 E EGL_emulation: tid 1943: eglSurfaceAttrib(1493): error 0x3009 (EGL_BAD_MATCH)
11-16 00:59:36.405  1914  1943 W OpenGLRenderer: Failed to set EGL_SWAP_BEHAVIOR on surface 0x763875bac300, error=EGL_BAD_MATCH
11-16 00:59:36.407  1914  1914 D AppInfoDashboard: Package change irrelevant, skipping
11-16 00:59:36.420  2170  2170 W ContextImpl: Calling a method in the system process without a qualified user: android.app.ContextImpl.startService:1531 android.content.ContextWrapper.startService:664 android.content.ContextWrapper.startService:664 com.android.coreservice.CoreBroadcastReceiver.onReceive:70 android.app.ActivityThread.handleReceiver:3424 
11-16 00:59:36.437  2170  2170 W ContextImpl: Calling a method in the system process without a qualified user: android.app.ContextImpl.startService:1531 android.content.ContextWrapper.startService:664 android.content.ContextWrapper.startService:664 com.android.coreservice.CoreBroadcastReceiver.onReceive:70 android.app.ActivityThread.handleReceiver:3424 
11-16 00:59:36.440  1572  1586 I ActivityManager: Displayed com.android.settings/.applications.InstalledAppDetails: +382ms
11-16 00:59:36.448  1914  1914 D AppInfoDashboard: Package change irrelevant, skipping
11-16 00:59:36.480  1443  2100 W SurfaceFlinger: Attempting to set client state on removed layer: Splash Screen com.android.settings#0
11-16 00:59:36.480  1443  2100 W SurfaceFlinger: Attempting to destroy on removed layer: Splash Screen com.android.settings#0
11-16 00:59:36.493  1572  1579 W System  : A resource failed to call close. 
11-16 00:59:36.672  1572  1579 I chatty  : uid=1000(system) FinalizerDaemon identical 44 lines
11-16 00:59:36.672  1572  1579 W System  : A resource failed to call close. 
11-16 00:59:36.691  1914  1914 D AppInfoDashboard: Package change irrelevant, skipping
11-16 00:59:36.696  1914  1914 W AppActionButtonControl: App is not explicitly stopped
11-16 00:59:36.698  1914  1914 D AppUtils: Have 0 number of activities in preferred list
11-16 00:59:36.816  1572  1579 W System  : A resource failed to call close. 
11-16 00:59:36.816  1572  1579 I chatty  : uid=1000(system) FinalizerDaemon identical 18 lines
11-16 00:59:36.816  1572  1579 W System  : A resource failed to call close. 
11-16 00:59:37.816  1572  1844 I ActivityManager: START u0 {act=android.intent.action.MANAGE_APP_PERMISSIONS cmp=com.android.packageinstaller/.permission.ui.ManagePermissionsActivity (has extras)} from uid 1000
11-16 00:59:37.823  2170  2170 W ContextImpl: Calling a method in the system process without a qualified user: android.app.ContextImpl.startService:1531 android.content.ContextWrapper.startService:664 android.content.ContextWrapper.startService:664 com.android.coreservice.CoreBroadcastReceiver.onReceive:45 android.app.ActivityThread.handleReceiver:3424 
11-16 00:59:37.824  2609  2609 W ActivityThread: handleWindowVisibility: no activity for token android.os.BinderProxy@44c980d
11-16 00:59:37.910  2609  2609 I ackageinstaller: type=1400 audit(0.0:855): avc: denied { open } for path="/data/local/cfg-gandz/android7" dev="sdb2" ino=393313 scontext=u:r:platform_app:s0:c512,c768 tcontext=u:object_r:system_data_file:s0 tclass=file permissive=1
11-16 00:59:37.910  2609  2609 W ackageinstaller: type=1300 audit(0.0:855): arch=c000003e syscall=257 success=yes exit=42 a0=ffffff9c a1=763888934fa0 a2=0 a3=0 items=0 ppid=1409 auid=4294967295 uid=10021 gid=10021 euid=10021 suid=10021 fsuid=10021 egid=10021 sgid=10021 fsgid=10021 tty=(none) ses=4294967295 exe="/system/bin/app_process64" subj=u:r:platform_app:s0:c512,c768 key=(null)
11-16 00:59:37.910  1367  1367 W auditd  : type=1327 audit(0.0:855): proctitle="com.android.packageinstaller"
11-16 00:59:37.910  1367  1367 W auditd  : type=1320 audit(0.0:855): 
11-16 00:59:38.049  1572  1579 W System  : A resource failed to call close. 
11-16 00:59:38.050  1572  1579 I chatty  : uid=1000(system) FinalizerDaemon identical 19 lines
11-16 00:59:38.050  1572  1579 W System  : A resource failed to call close. 
11-16 00:59:38.123  2170  2170 W ContextImpl: Calling a method in the system process without a qualified user: android.app.ContextImpl.startService:1531 android.content.ContextWrapper.startService:664 android.content.ContextWrapper.startService:664 com.android.coreservice.CoreBroadcastReceiver.onReceive:54 android.app.ActivityThread.handleReceiver:3424 
11-16 00:59:38.153  1443  1443 I Binder:1443_4: type=1400 audit(0.0:856): avc: denied { read write } for path="/dev/fastpipe" dev="tmpfs" ino=7230 scontext=u:r:platform_app:s0:c512,c768 tcontext=u:object_r:device:s0 tclass=chr_file permissive=1
11-16 00:59:38.155  2609  2831 E EGL_emulation: tid 2831: eglSurfaceAttrib(1493): error 0x3009 (EGL_BAD_MATCH)
11-16 00:59:38.155  2609  2831 W OpenGLRenderer: Failed to set EGL_SWAP_BEHAVIOR on surface 0x763879bcb280, error=EGL_BAD_MATCH
11-16 00:59:38.164  2170  2170 W ContextImpl: Calling a method in the system process without a qualified user: android.app.ContextImpl.startService:1531 android.content.ContextWrapper.startService:664 android.content.ContextWrapper.startService:664 com.android.coreservice.CoreBroadcastReceiver.onReceive:70 android.app.ActivityThread.handleReceiver:3424 
11-16 00:59:38.165  2170  2170 W ContextImpl: Calling a method in the system process without a qualified user: android.app.ContextImpl.startService:1531 android.content.ContextWrapper.startService:664 android.content.ContextWrapper.startService:664 com.android.coreservice.CoreBroadcastReceiver.onReceive:70 android.app.ActivityThread.handleReceiver:3424 
11-16 00:59:38.189  1572  1586 I ActivityManager: Displayed com.android.packageinstaller/.permission.ui.ManagePermissionsActivity: +370ms
11-16 00:59:38.247  1572  1579 W System  : A resource failed to call close. 
11-16 00:59:38.247  1572  1579 I chatty  : uid=1000(system) FinalizerDaemon identical 19 lines
11-16 00:59:38.247  1572  1579 W System  : A resource failed to call close. 
11-16 00:59:40.604  2170  2170 W ContextImpl: Calling a method in the system process without a qualified user: android.app.ContextImpl.startService:1531 android.content.ContextWrapper.startService:664 android.content.ContextWrapper.startService:664 com.android.coreservice.CoreBroadcastReceiver.onReceive:45 android.app.ActivityThread.handleReceiver:3424 
11-16 00:59:40.616  1914  2825 I DeviceIndex: Skipping: device index is not enabled
11-16 00:59:40.618  1914  3442 W TileUtils: Found com.android.settings.Settings$NotificationAppListActivity for intent Intent { act=com.android.settings.action.SETTINGS pkg=com.android.settings } missing metadata com.android.settings.category
11-16 00:59:40.621  1439  1555 D AudioFlinger: mixer(0xf3483640) throttle end: throttle time(3)
11-16 00:59:40.624  1572  1591 E BatteryExternalStatsWorker: no controller energy info supplied for wifi
11-16 00:59:40.624  1572  1591 E BatteryExternalStatsWorker: no controller energy info supplied for bluetooth
11-16 00:59:40.633  1914  1914 I com.android.settings: type=1400 audit(0.0:857): avc: denied { search } for comm=4173796E635461736B202338 name="/" dev="bpf" ino=1 scontext=u:r:system_app:s0 tcontext=u:object_r:fs_bpf:s0 tclass=dir permissive=1
11-16 00:59:40.633  1914  1914 W com.android.settings: type=1300 audit(0.0:857): arch=c000003e syscall=269 success=no exit=-2 a0=ffffff9c a1=76388a2af440 a2=0 a3=7638889a3c88 items=0 ppid=1409 auid=4294967295 uid=1000 gid=1000 euid=1000 suid=1000 fsuid=1000 egid=1000 sgid=1000 fsgid=1000 tty=(none) ses=4294967295 comm=4173796E635461736B202338 exe="/system/bin/app_process64" subj=u:r:system_app:s0 key=(null)
11-16 00:59:40.633  1367  1367 W auditd  : type=1327 audit(0.0:857): proctitle="com.android.settings"
11-16 00:59:40.633  1367  1367 W auditd  : type=1320 audit(0.0:857): 
11-16 00:59:40.635  1489  1489 E VSoCRil : Request 135 not supported.
11-16 00:59:40.636  1572  1591 E KernelCpuSpeedReader: Failed to read cpu-freq: /sys/devices/system/cpu/cpu0/cpufreq/stats/time_in_state (No such file or directory)
11-16 00:59:40.636  1572  1591 E KernelWakelockReader: neither /proc/wakelocks nor /d/wakeup_sources exists
11-16 00:59:40.636  1572  1591 W BatteryStatsImpl: Couldn't get kernel wake lock stats
11-16 00:59:40.636  1572  1591 W BatteryExternalStatsWorker: modem info is invalid: ModemActivityInfo{ mTimestamp=0 mSleepTimeMs=0 mIdleTimeMs=0 mTxTimeMs[]=[0, 0, 0, 0, 0] mRxTimeMs=0 mEnergyUsed=0}
11-16 00:59:40.646  1914  3442 D SettingsActivity: No enabled state changed, skipping updateCategory call
11-16 00:59:40.650  1914  1914 D AppUtils: Have 0 number of activities in preferred list
11-16 00:59:40.670  1914  1914 W AppActionButtonControl: App is not explicitly stopped
11-16 00:59:40.674  1914  1914 D AppUtils: Have 0 number of activities in preferred list
11-16 00:59:40.684  2170  2170 W ContextImpl: Calling a method in the system process without a qualified user: android.app.ContextImpl.startService:1531 android.content.ContextWrapper.startService:664 android.content.ContextWrapper.startService:664 com.android.coreservice.CoreBroadcastReceiver.onReceive:54 android.app.ActivityThread.handleReceiver:3424 
11-16 00:59:40.692  1914  1943 E EGL_emulation: tid 1943: eglSurfaceAttrib(1493): error 0x3009 (EGL_BAD_MATCH)
11-16 00:59:40.692  1914  1943 W OpenGLRenderer: Failed to set EGL_SWAP_BEHAVIOR on surface 0x76387547d300, error=EGL_BAD_MATCH
11-16 00:59:40.693  2170  2170 W ContextImpl: Calling a method in the system process without a qualified user: android.app.ContextImpl.startService:1531 android.content.ContextWrapper.startService:664 android.content.ContextWrapper.startService:664 com.android.coreservice.CoreBroadcastReceiver.onReceive:70 android.app.ActivityThread.handleReceiver:3424 
11-16 00:59:40.697  2170  2170 W ContextImpl: Calling a method in the system process without a qualified user: android.app.ContextImpl.startService:1531 android.content.ContextWrapper.startService:664 android.content.ContextWrapper.startService:664 com.android.coreservice.CoreBroadcastReceiver.onReceive:70 android.app.ActivityThread.handleReceiver:3424 
11-16 00:59:40.812  1572  1579 W System  : A resource failed to call close. 
11-16 00:59:40.948  1572  1579 I chatty  : uid=1000(system) FinalizerDaemon identical 31 lines
11-16 00:59:40.948  1572  1579 W System  : A resource failed to call close. 
11-16 00:59:40.955  2170  2170 W ContextImpl: Calling a method in the system process without a qualified user: android.app.ContextImpl.startService:1531 android.content.ContextWrapper.startService:664 android.content.ContextWrapper.startService:664 com.android.coreservice.CoreBroadcastReceiver.onReceive:54 android.app.ActivityThread.handleReceiver:3424 
11-16 00:59:40.958  2609  2831 D OpenGLRenderer: endAllActiveAnimators on 0x76387a0e9300 (RippleDrawable) with handle 0x763888934540
11-16 00:59:40.968  1443  1443 W SurfaceFlinger: couldn't log to binary event log: overflow.
11-16 00:59:42.086  1438  1438 I ldinit  : type=1400 audit(0.0:858): avc: denied { read } for name="partitions" dev="proc" ino=4026532049 scontext=u:r:ldinit:s0 tcontext=u:object_r:proc:s0 tclass=file permissive=1
11-16 00:59:42.086  1438  1438 I ldinit  : type=1400 audit(0.0:858): avc: denied { open } for path="/proc/partitions" dev="proc" ino=4026532049 scontext=u:r:ldinit:s0 tcontext=u:object_r:proc:s0 tclass=file permissive=1
11-16 00:59:42.086  1438  1438 W ldinit  : type=1300 audit(0.0:858): arch=c000003e syscall=257 success=yes exit=6 a0=ffffff9c a1=7639179a41b8 a2=0 a3=0 items=0 ppid=1 auid=4294967295 uid=0 gid=0 euid=0 suid=0 fsuid=0 egid=0 sgid=0 fsgid=0 tty=(none) ses=4294967295 exe="/system/bin/ldinit" subj=u:r:ldinit:s0 key=(null)
11-16 00:59:42.086  1367  1367 W auditd  : type=1327 audit(0.0:858): proctitle="/system/bin/ldinit"
11-16 00:59:42.086  1367  1367 W auditd  : type=1320 audit(0.0:858): 
11-16 00:59:42.086  1438  1438 I ldinit  : type=1400 audit(0.0:859): avc: denied { getattr } for path="/proc/partitions" dev="proc" ino=4026532049 scontext=u:r:ldinit:s0 tcontext=u:object_r:proc:s0 tclass=file permissive=1
11-16 00:59:43.097  2693  2701 W System  : A resource failed to call close. 
11-16 00:59:43.543  1572  1572 I system_server: type=1400 audit(0.0:860): avc: denied { ioctl } for path="/dev/fastpipe" dev="tmpfs" ino=7230 ioctlcmd=6865 scontext=u:r:system_server:s0 tcontext=u:object_r:device:s0 tclass=chr_file permissive=1
11-16 00:59:43.543  1572  1572 W system_server: type=1300 audit(0.0:860): arch=c000003e syscall=16 success=yes exit=0 a0=5d a1=80046865 a2=76388be4f2a0 a3=1032df54da976b items=0 ppid=1409 auid=4294967295 uid=1000 gid=1000 euid=1000 suid=1000 fsuid=1000 egid=1000 sgid=1000 fsgid=1000 tty=(none) ses=4294967295 exe="/system/bin/app_process64" subj=u:r:system_server:s0 key=(null)
11-16 00:59:43.543  1367  1367 W auditd  : type=1327 audit(0.0:860): proctitle="system_server"
11-16 00:59:43.543  1367  1367 W auditd  : type=1320 audit(0.0:860): 
11-16 00:59:43.666  1416  1542 D audio_hw_hal: log_func, out_standby
11-16 00:59:43.666  1416  1542 D audio_hw_hal: raw_close_output_stream, dev=0xf5d98000, stream =0xf5d9b000
11-16 00:59:43.666  1416  1542 D audio_hw_hal: raw_close_output_stream, stream=0xf5d9b000,  success!
11-16 00:59:43.667  1416  2740 D audio_hw_hal: raw_start_output_stream, stream=0xf5d9b000, sampleRate=48000, channel=2, bps=16, bufSize=4096
11-16 00:59:43.671  2170  2170 W ContextImpl: Calling a method in the system process without a qualified user: android.app.ContextImpl.startService:1531 android.content.ContextWrapper.startService:664 android.content.ContextWrapper.startService:664 com.android.coreservice.CoreBroadcastReceiver.onReceive:45 android.app.ActivityThread.handleReceiver:3424 
11-16 00:59:43.680  2214  2310 W OpenGLRenderer: Incorrectly called buildLayer on View: ShortcutAndWidgetContainer, destroying layer...
11-16 00:59:43.704  2170  2170 W ContextImpl: Calling a method in the system process without a qualified user: android.app.ContextImpl.startService:1531 android.content.ContextWrapper.startService:664 android.content.ContextWrapper.startService:664 com.android.coreservice.CoreBroadcastReceiver.onReceive:54 android.app.ActivityThread.handleReceiver:3424 
11-16 00:59:43.735  2214  2310 E EGL_emulation: tid 2310: eglSurfaceAttrib(1493): error 0x3009 (EGL_BAD_MATCH)
11-16 00:59:43.735  2214  2310 W OpenGLRenderer: Failed to set EGL_SWAP_BEHAVIOR on surface 0x763878e5ab80, error=EGL_BAD_MATCH
11-16 00:59:43.756  1443  1443 I Binder:1443_2: type=1400 audit(0.0:861): avc: denied { read write } for path="/dev/fastpipe" dev="tmpfs" ino=7230 scontext=u:r:system_server:s0 tcontext=u:object_r:device:s0 tclass=chr_file permissive=1
11-16 00:59:43.765  2170  2170 W ContextImpl: Calling a method in the system process without a qualified user: android.app.ContextImpl.sendBroadcast:1020 android.content.ContextWrapper.sendBroadcast:449 com.android.coreservice.TabManager.notifyClosing:413 com.android.coreservice.TabManager.updateInner:200 com.android.coreservice.TabManager.onUpdate:235 
11-16 00:59:43.779  2170  2170 I CoreService: notifyClosing notify tab closed taskPackageName:com.android.settings
11-16 00:59:43.779  2170  2170 W ContextImpl: Calling a method in the system process without a qualified user: android.app.ContextImpl.startService:1531 android.content.ContextWrapper.startService:664 android.content.ContextWrapper.startService:664 com.android.coreservice.CoreBroadcastReceiver.onReceive:70 android.app.ActivityThread.handleReceiver:3424 
11-16 00:59:43.791  1572  1579 W System  : A resource failed to call close. 
11-16 00:59:43.791  1572  1579 I chatty  : uid=1000(system) FinalizerDaemon identical 17 lines
11-16 00:59:43.791  1572  1579 W System  : A resource failed to call close. 
11-16 00:59:43.792  2170  2170 W ContextImpl: Calling a method in the system process without a qualified user: android.app.ContextImpl.startService:1531 android.content.ContextWrapper.startService:664 android.content.ContextWrapper.startService:664 com.android.coreservice.CoreBroadcastReceiver.onReceive:70 android.app.ActivityThread.handleReceiver:3424 
11-16 00:59:43.856  2170  2170 W ContextImpl: Calling a method in the system process without a qualified user: android.app.ContextImpl.startService:1531 android.content.ContextWrapper.startService:664 android.content.ContextWrapper.startService:664 com.android.coreservice.CoreBroadcastReceiver.onReceive:54 android.app.ActivityThread.handleReceiver:3424 
11-16 00:59:43.857  1914  1943 D OpenGLRenderer: endAllActiveAnimators on 0x7638731a2700 (RippleDrawable) with handle 0x76388884ce60
11-16 00:59:43.864  1443  1521 W SurfaceFlinger: Attempting to set client state on removed layer: com.android.settings/com.android.settings.applications.InstalledAppDetails#0
11-16 00:59:43.864  1443  1521 W SurfaceFlinger: Attempting to destroy on removed layer: com.android.settings/com.android.settings.applications.InstalledAppDetails#0
11-16 00:59:43.865  1443  1655 W SurfaceFlinger: Attempting to destroy on removed layer: AppWindowToken{6b52362 token=Token{73b922d ActivityRecord{eaca144 u0 com.android.settings/.applications.InstalledAppDetails t33}}}#0
11-16 00:59:43.865  1443  1655 W SurfaceFlinger: Attempting to destroy on removed layer: Task=33#0
11-16 00:59:43.870  1572  2754 I         : fastpipe: Connect success
11-16 00:59:43.870  1572  2754 D HostConnection: HostRPC::connect sucess: app=system_server, pid=1572, tid=2754, this=0x76386fd93100
11-16 00:59:43.871  1572  2754 D HostConnection: queryAndSetGLESMaxVersion select gles-version: 3.1 hostGLVersion:46 process:system_server
11-16 00:59:43.872  1572  2754 I ConfigStore: android::hardware::configstore::V1_0::ISurfaceFlingerConfigs::hasWideColorDisplay retrieved: 0
11-16 00:59:43.872  1572  2754 I ConfigStore: android::hardware::configstore::V1_0::ISurfaceFlingerConfigs::hasHDRDisplay retrieved: 0
11-16 00:59:43.872  1572  2754 I OpenGLRenderer: Initialized EGL, version 1.4
11-16 00:59:43.872  1572  2754 D OpenGLRenderer: Swap behavior 1
