11-16 00:59:43.904  1572  2754 D EGL_emulation: eglCreateContext: 0x76386b398240: maj 3 min 1 rcv 4
11-16 00:59:43.919  1572  2754 D HostConnection: ExtendedRCEncoderContext GL_VERSION return OpenGL ES 3.1 v1
11-16 00:59:43.922  1572  2754 E eglCodecCommon: glUtilsParamSize: unknow param 0x00008c29
11-16 00:59:43.922  1572  2754 E eglCodecCommon: glUtilsParamSize: unknow param 0x000087fe
11-16 00:59:44.245  2214  2310 W OpenGLRenderer: Incorrectly called buildLayer on View: ShortcutAndWidgetContainer, destroying layer...
11-16 00:59:46.743  1416  1542 D audio_hw_hal: log_func, out_standby
11-16 00:59:46.743  1416  1542 D audio_hw_hal: raw_close_output_stream, dev=0xf5d98000, stream =0xf5d9b000
11-16 00:59:46.743  1416  1542 D audio_hw_hal: raw_close_output_stream, stream=0xf5d9b000,  success!
11-16 00:59:46.852  2391  3339 I System.out: 心跳客户端时间:1763225986852
11-16 00:59:46.852  2391  3339 I System.out: 心跳服务器端时间:1763225987119
11-16 00:59:46.852  2391  3339 I System.out: 网络延时:-267ms
11-16 00:59:48.690  1572  1579 W System  : A resource failed to call close. 
11-16 00:59:48.690  1572  1579 I chatty  : uid=1000(system) FinalizerDaemon identical 19 lines
11-16 00:59:48.690  1572  1579 W System  : A resource failed to call close. 
11-16 00:59:59.331  2214  2214 D LdShortcut: shortcutCmd cmd=7
11-16 00:59:59.331  1572  1874 I ActivityManager: START u0 {act=android.intent.action.MAIN cat=[android.intent.category.LAUNCHER] flg=0x10200000 cmp=com.idealdimension.EmpireAttack/cn.cmgame.billing.api.GameOpenActivity bnds=[567,144][800,317] (has extras)} from uid 10026
11-16 00:59:59.338  1416  2740 D audio_hw_hal: raw_start_output_stream, stream=0xf5d9b000, sampleRate=48000, channel=2, bps=16, bufSize=4096
11-16 00:59:59.376  2170  2170 W ContextImpl: Calling a method in the system process without a qualified user: android.app.ContextImpl.startService:1531 android.content.ContextWrapper.startService:664 android.content.ContextWrapper.startService:664 com.android.coreservice.CoreBroadcastReceiver.onReceive:45 android.app.ActivityThread.handleReceiver:3424 
11-16 00:59:59.385  3447  3447 D nativebridge: PreInitializeNativeBridge name=zygote instruction_set=arm
11-16 00:59:59.386  1572  1589 I ActivityManager: Start proc 3447:com.idealdimension.EmpireAttack/u0a53 for activity com.idealdimension.EmpireAttack/cn.cmgame.billing.api.GameOpenActivity
11-16 00:59:59.397  3447  3447 W nativebridge: Failed to bind-mount /data/local/cfg-gandz/ as /proc/cpuinfo: Not a directory
11-16 00:59:59.408  3447  3447 I Zygote  : seccomp disabled by setenforce 0
11-16 00:59:59.411  3447  3447 V libnb   : enter native_bridge2_initialize /data/user/0/com.idealdimension.EmpireAttack/code_cache arm
11-16 00:59:59.410  3447  3447 I on.EmpireAttac: type=1400 audit(0.0:864): avc: denied { execmod } for path="/system/lib/libhoudini.so" dev="sda2" ino=616 scontext=u:r:untrusted_app_25:s0:c512,c768 tcontext=u:object_r:system_file:s0 tclass=file permissive=1
11-16 00:59:59.415  3447  3447 D houdini : [3447] Initialize library(version: 9.0.7a_y.38597 RELEASE)... successfully.
11-16 00:59:59.417  3447  3447 V libnb   : enter native_bridge2_isCompatibleWith 2
11-16 00:59:59.418  3447  3447 I chatty  : uid=10053(com.idealdimension.EmpireAttack) on.EmpireAttac identical 63 lines
11-16 00:59:59.418  3447  3447 V libnb   : enter native_bridge2_isCompatibleWith 2
11-16 00:59:59.410  3447  3447 W on.EmpireAttac: type=1300 audit(0.0:864): arch=40000003 syscall=125 per=8 success=yes exit=0 a0=eed66000 a1=1000 a2=5 a3=eeac0000 items=0 ppid=1410 auid=4294967295 uid=10053 gid=10053 euid=10053 suid=10053 fsuid=10053 egid=10053 sgid=10053 fsgid=10053 tty=(none) ses=4294967295 exe="/system/bin/app_process32" subj=u:r:untrusted_app_25:s0:c512,c768 key=(null)
11-16 00:59:59.420  3447  3447 E on.EmpireAttac: Not starting debugger since process cannot load the jdwp agent.
11-16 00:59:59.410  1367  1367 W auditd  : type=1327 audit(0.0:864): proctitle="zygote"
11-16 00:59:59.413  3447  3447 I on.EmpireAttac: type=1400 audit(0.0:865): avc: denied { open } for path="/data/local/cfg-gandz/android7" dev="sdb2" ino=393313 scontext=u:r:untrusted_app_25:s0:c512,c768 tcontext=u:object_r:system_data_file:s0 tclass=file permissive=1
11-16 00:59:59.479  2170  2170 W ContextImpl: Calling a method in the system process without a qualified user: android.app.ContextImpl.startService:1531 android.content.ContextWrapper.startService:664 android.content.ContextWrapper.startService:664 com.android.coreservice.CoreBroadcastReceiver.onReceive:54 android.app.ActivityThread.handleReceiver:3424 
11-16 00:59:59.480  3447  3447 I on.EmpireAttac: The ClassLoaderContext is a special shared library.
11-16 00:59:59.482  3447  3447 V libnb   : enter native_bridge2_isCompatibleWith 3
11-16 00:59:59.482  3447  3447 V libnb   : enter native_bridge3_isPathSupported /data/app/com.idealdimension.EmpireAttack-dgqQRadCgq3p7_Xsg1KgNQ==/lib/arm:/system/fake-libs:/data/app/com.idealdimension.EmpireAttack-dgqQRadCgq3p7_Xsg1KgNQ==/base.apk!/lib/armeabi
11-16 00:59:59.482  3447  3447 V libnb   : enter native_bridge2_isCompatibleWith 3
11-16 00:59:59.482  3447  3447 V libnb   : enter native_bridge3_initAnonymousNamespace libandroid.so:libaaudio.so:libc.so:libcamera2ndk.so:libdl.so:libEGL.so:libGLESv1_CM.so:libGLESv2.so:libGLESv3.so:libicui18n.so:libicuuc.so:libjnigraphics.so:liblog.so:libmediandk.so:libm.so:libnativewindow.so:libneuralnetworks.so:libOpenMAXAL.so:libOpenSLES.so:libRS.so:libstdc++.so:libsync.so:libvulkan.so:libwebviewchromium_plat_support.so:libz.so, /data/app/com.idealdimension.EmpireAttack-dgqQRadCgq3p7_Xsg1KgNQ==/lib/arm:/system/fake-libs:/data/app/com.idealdimension.EmpireAttack-dgqQRadCgq3p7_Xsg1KgNQ==/base.apk!/lib/armeabi
11-16 00:59:59.482  3447  3447 V libnb   : enter native_bridge2_isCompatibleWith 3
11-16 00:59:59.482  3447  3447 V libnb   : enter native_bridge3_isPathSupported /data/app/com.idealdimension.EmpireAttack-dgqQRadCgq3p7_Xsg1KgNQ==/lib/arm:/system/fake-libs:/data/app/com.idealdimension.EmpireAttack-dgqQRadCgq3p7_Xsg1KgNQ==/base.apk!/lib/armeabi
11-16 00:59:59.482  3447  3447 V libnb   : enter native_bridge2_isCompatibleWith 3
11-16 00:59:59.482  3447  3447 V libnb   : enter native_bridge3_createNamespace classloader-namespace, (null), /data/app/com.idealdimension.EmpireAttack-dgqQRadCgq3p7_Xsg1KgNQ==/lib/arm:/system/fake-libs:/data/app/com.idealdimension.EmpireAttack-dgqQRadCgq3p7_Xsg1KgNQ==/base.apk!/lib/armeabi, /data:/mnt/expand:/data/user/0/com.idealdimension.EmpireAttack
11-16 00:59:59.482  3447  3447 V libnb   : enter native_bridge2_isCompatibleWith 4
11-16 00:59:59.482  3447  3447 V libnb   : enter native_bridge2_isCompatibleWith 3
11-16 00:59:59.482  3447  3447 V libnb   : enter native_bridge3_linkNamespaces libandroid.so:libaaudio.so:libc.so:libcamera2ndk.so:libdl.so:libEGL.so:libGLESv1_CM.so:libGLESv2.so:libGLESv3.so:libicui18n.so:libicuuc.so:libjnigraphics.so:liblog.so:libmediandk.so:libm.so:libnativewindow.so:libneuralnetworks.so:libOpenMAXAL.so:libOpenSLES.so:libRS.so:libstdc++.so:libsync.so:libvulkan.so:libwebviewchromium_plat_support.so:libz.so
11-16 00:59:59.490  3447  3447 I System.out: java.io.FileNotFoundException: /data/dalvik-cache/data@app@com.idealdimension.EmpireAttack-dgqQRadCgq3p7_Xsg1KgNQ==@base.apk@classes.dex (No such file or directory)
11-16 00:59:59.490  3447  3447 I System.out: 	at java.io.FileInputStream.open0(Native Method)
11-16 00:59:59.490  3447  3447 I System.out: 	at java.io.FileInputStream.open(FileInputStream.java:231)
11-16 00:59:59.490  3447  3447 I System.out: 	at java.io.FileInputStream.<init>(FileInputStream.java:165)
11-16 00:59:59.490  3447  3447 I System.out: 	at java.io.FileInputStream.<init>(FileInputStream.java:112)
11-16 00:59:59.490  3447  3447 I System.out: 	at com.bangcle.protect.Util.calFileMD5(Util.java:756)
11-16 00:59:59.490  3447  3447 I System.out: 	at com.bangcle.protect.Util.doCheck(Util.java:682)
11-16 00:59:59.490  3447  3447 I System.out: 	at com.bangcle.protect.Util.runAll(Util.java:785)
11-16 00:59:59.490  3447  3447 I System.out: 	at com.idealdimension.EmpireAttack.CmgameApplication.onCreate(ApplicationTemplate.java:50)
11-16 00:59:59.490  3447  3447 I System.out: 	at android.app.Instrumentation.callApplicationOnCreate(Instrumentation.java:1154)
11-16 00:59:59.490  3447  3447 I System.out: 	at android.app.ActivityThread.handleBindApplication(ActivityThread.java:6025)
11-16 00:59:59.490  3447  3447 I System.out: 	at android.app.ActivityThread.access$1100(ActivityThread.java:207)
11-16 00:59:59.490  3447  3447 I System.out: 	at android.app.ActivityThread$H.handleMessage(ActivityThread.java:1663)
11-16 00:59:59.490  3447  3447 I System.out: 	at android.os.Handler.dispatchMessage(Handler.java:106)
11-16 00:59:59.490  3447  3447 I System.out: 	at android.os.Looper.loop(Looper.java:193)
11-16 00:59:59.490  3447  3447 I System.out: 	at android.app.ActivityThread.main(ActivityThread.java:6829)
11-16 00:59:59.490  3447  3447 I System.out: 	at java.lang.reflect.Method.invoke(Native Method)
11-16 00:59:59.490  3447  3447 I System.out: 	at com.android.internal.os.RuntimeInit$MethodAndArgsCaller.run(RuntimeInit.java:493)
11-16 00:59:59.490  3447  3447 I System.out: 	at com.android.internal.os.ZygoteInit.main(ZygoteInit.java:860)
11-16 00:59:59.496  3447  3447 V libnb   : enter native_bridge2_isCompatibleWith 3
11-16 00:59:59.496  3447  3447 V libnb   : enter native_bridge3_loadLibraryExt /data/data/com.idealdimension.EmpireAttack/.cache/libsecexe.x86.so, 0, 0x3
11-16 00:59:59.513  3447  3447 W linker  : Warning: "/data/data/com.idealdimension.EmpireAttack/.cache/libsecexe.x86.so" has unsupported e_shentsize 0x0 (expected 0x28) and will not work when the app moves to API level 26 or later (https://android.googlesource.com/platform/bionic/+/master/invalid-elf-header_section-headers-enforced-for-api-level-26) (allowing for now because this app's target API level is still 14)
11-16 00:59:59.513  3447  3447 W linker  : Warning: "/data/data/com.idealdimension.EmpireAttack/.cache/libsecexe.x86.so" has invalid e_shstrndx and will not work when the app moves to API level 26 or later (https://android.googlesource.com/platform/bionic/+/master/invalid-elf-header_section-headers-enforced-for-api-level-26) (allowing for now because this app's target API level is still 14)
11-16 00:59:59.513  3447  3447 E linker  : "/data/data/com.idealdimension.EmpireAttack/.cache/libsecexe.x86.so" has no section headers
11-16 00:59:59.513  3447  3447 V libnb   : native_bridge3_loadLibraryExt: 0x0
11-16 00:59:59.513  3447  3447 V libnb   : enter native_bridge2_isCompatibleWith 3
11-16 00:59:59.513  3447  3447 V libnb   : enter native_bridge3_getError
11-16 00:59:59.513  3447  3447 D AndroidRuntime: Shutting down VM
11-16 00:59:59.513  3447  3447 E AndroidRuntime: FATAL EXCEPTION: main
11-16 00:59:59.513  3447  3447 E AndroidRuntime: Process: com.idealdimension.EmpireAttack, PID: 3447
11-16 00:59:59.513  3447  3447 E AndroidRuntime: java.lang.UnsatisfiedLinkError: no error!
11-16 00:59:59.513  3447  3447 E AndroidRuntime: 	at java.lang.Runtime.load0(Runtime.java:962)
11-16 00:59:59.513  3447  3447 E AndroidRuntime: 	at java.lang.System.load(System.java:1642)
11-16 00:59:59.513  3447  3447 E AndroidRuntime: 	at com.bangcle.protect.ACall.<clinit>(ACall.java:29)
11-16 00:59:59.513  3447  3447 E AndroidRuntime: 	at com.bangcle.protect.ACall.getACall(ACall.java:44)
11-16 00:59:59.513  3447  3447 E AndroidRuntime: 	at com.bangcle.protect.Util.CopyBinaryFile(Util.java:601)
11-16 00:59:59.513  3447  3447 E AndroidRuntime: 	at com.bangcle.protect.Util.runAll(Util.java:800)
11-16 00:59:59.513  3447  3447 E AndroidRuntime: 	at com.idealdimension.EmpireAttack.CmgameApplication.onCreate(ApplicationTemplate.java:50)
11-16 00:59:59.513  3447  3447 E AndroidRuntime: 	at android.app.Instrumentation.callApplicationOnCreate(Instrumentation.java:1154)
11-16 00:59:59.513  3447  3447 E AndroidRuntime: 	at android.app.ActivityThread.handleBindApplication(ActivityThread.java:6025)
11-16 00:59:59.513  3447  3447 E AndroidRuntime: 	at android.app.ActivityThread.access$1100(ActivityThread.java:207)
11-16 00:59:59.513  3447  3447 E AndroidRuntime: 	at android.app.ActivityThread$H.handleMessage(ActivityThread.java:1663)
11-16 00:59:59.513  3447  3447 E AndroidRuntime: 	at android.os.Handler.dispatchMessage(Handler.java:106)
11-16 00:59:59.513  3447  3447 E AndroidRuntime: 	at android.os.Looper.loop(Looper.java:193)
11-16 00:59:59.513  3447  3447 E AndroidRuntime: 	at android.app.ActivityThread.main(ActivityThread.java:6829)
11-16 00:59:59.513  3447  3447 E AndroidRuntime: 	at java.lang.reflect.Method.invoke(Native Method)
11-16 00:59:59.513  3447  3447 E AndroidRuntime: 	at com.android.internal.os.RuntimeInit$MethodAndArgsCaller.run(RuntimeInit.java:493)
11-16 00:59:59.513  3447  3447 E AndroidRuntime: 	at com.android.internal.os.ZygoteInit.main(ZygoteInit.java:860)
11-16 00:59:59.515  1572  1874 W ActivityManager:   Force finishing activity com.idealdimension.EmpireAttack/cn.cmgame.billing.api.GameOpenActivity
11-16 00:59:59.519  1572  1588 I ActivityManager: Showing crash dialog for package com.idealdimension.EmpireAttack u0
11-16 00:59:59.541  1572  2754 E EGL_emulation: tid 2754: eglSurfaceAttrib(1493): error 0x3009 (EGL_BAD_MATCH)
11-16 00:59:59.541  1572  2754 W OpenGLRenderer: Failed to set EGL_SWAP_BEHAVIOR on surface 0x76386b076800, error=EGL_BAD_MATCH
11-16 00:59:59.634  1572  1579 W System  : A resource failed to call close. 
11-16 00:59:59.635  1572  1579 I chatty  : uid=1000(system) FinalizerDaemon identical 20 lines
11-16 00:59:59.635  1572  1579 W System  : A resource failed to call close. 
11-16 00:59:59.698  1721  2762 I         : fastpipe: Connect success
11-16 00:59:59.699  1721  2762 D HostConnection: HostRPC::connect sucess: app=com.android.systemui, pid=1721, tid=2762, this=0x763874de6a00
11-16 00:59:59.700  1721  2762 D HostConnection: queryAndSetGLESMaxVersion select gles-version: 3.1 hostGLVersion:46 process:com.android.systemui
11-16 00:59:59.710  1721  2762 E ndroid.systemu: No package ID ff found for ID 0xffffffff.
11-16 00:59:59.710  1721  2762 E IconLoader: Could not find icon drawable from resource
11-16 00:59:59.710  1721  2762 E IconLoader: android.content.res.Resources$NotFoundException: Resource ID #0xffffffff
11-16 00:59:59.710  1721  2762 E IconLoader: 	at android.content.res.ResourcesImpl.getValueForDensity(ResourcesImpl.java:236)
11-16 00:59:59.710  1721  2762 E IconLoader: 	at android.content.res.Resources.getDrawableForDensity(Resources.java:887)
11-16 00:59:59.710  1721  2762 E IconLoader: 	at android.content.res.Resources.getDrawable(Resources.java:827)
11-16 00:59:59.710  1721  2762 E IconLoader: 	at com.android.systemui.shared.recents.model.IconLoader.createNewIconForTask(IconLoader.java:118)
11-16 00:59:59.710  1721  2762 E IconLoader: 	at com.android.systemui.shared.recents.model.IconLoader.getAndInvalidateIfModified(IconLoader.java:94)
11-16 00:59:59.710  1721  2762 E IconLoader: 	at com.android.systemui.shared.recents.model.RecentsTaskLoader.getAndUpdateActivityIcon(RecentsTaskLoader.java:325)
11-16 00:59:59.710  1721  2762 E IconLoader: 	at com.android.systemui.shared.recents.model.RecentsTaskLoadPlan.executePlan(RecentsTaskLoadPlan.java:188)
11-16 00:59:59.710  1721  2762 E IconLoader: 	at com.android.systemui.shared.recents.model.RecentsTaskLoader.loadTasks(RecentsTaskLoader.java:173)
11-16 00:59:59.710  1721  2762 E IconLoader: 	at com.android.systemui.recents.RecentsImpl$TaskStackListenerImpl.onTaskStackChangedBackground(RecentsImpl.java:184)
11-16 00:59:59.710  1721  2762 E IconLoader: 	at com.android.systemui.shared.system.TaskStackChangeListeners.onTaskStackChanged(TaskStackChangeListeners.java:80)
11-16 00:59:59.710  1721  2762 E IconLoader: 	at android.app.ITaskStackListener$Stub.onTransact(ITaskStackListener.java:50)
11-16 00:59:59.710  1721  2762 E IconLoader: 	at android.os.Binder.execTransact(Binder.java:731)
11-16 01:00:00.019  1572  1587 W ActivityManager: Activity pause timeout for ActivityRecord{a31e8c u0 com.idealdimension.EmpireAttack/cn.cmgame.billing.api.GameOpenActivity t34 f}
11-16 01:00:00.064  2214  2310 E EGL_emulation: tid 2310: eglSurfaceAttrib(1493): error 0x3009 (EGL_BAD_MATCH)
11-16 01:00:00.064  2214  2310 W OpenGLRenderer: Failed to set EGL_SWAP_BEHAVIOR on surface 0x763878e5ab80, error=EGL_BAD_MATCH
11-16 01:00:00.072  2170  2170 W ContextImpl: Calling a method in the system process without a qualified user: android.app.ContextImpl.startService:1531 android.content.ContextWrapper.startService:664 android.content.ContextWrapper.startService:664 com.android.coreservice.CoreBroadcastReceiver.onReceive:45 android.app.ActivityThread.handleReceiver:3424 
11-16 01:00:00.074  2170  2170 W ContextImpl: Calling a method in the system process without a qualified user: android.app.ContextImpl.startService:1531 android.content.ContextWrapper.startService:664 android.content.ContextWrapper.startService:664 com.android.coreservice.CoreBroadcastReceiver.onReceive:54 android.app.ActivityThread.handleReceiver:3424 
11-16 01:00:00.118  1572  1579 W System  : A resource failed to call close. 
11-16 01:00:00.122  2170  2170 W ContextImpl: Calling a method in the system process without a qualified user: android.app.ContextImpl.sendBroadcast:1020 android.content.ContextWrapper.sendBroadcast:449 com.android.coreservice.TabManager.notifyClosing:413 com.android.coreservice.TabManager.updateInner:200 com.android.coreservice.TabManager.onUpdate:235 
11-16 01:00:00.122  1572  1583 I ActivityManager: Killing 3447:com.idealdimension.EmpireAttack/u0a53 (adj 900): remove task
11-16 01:00:00.119  1572  1579 I chatty  : uid=1000(system) FinalizerDaemon identical 18 lines
11-16 01:00:00.119  1572  1579 W System  : A resource failed to call close. 
11-16 01:00:00.123  1572  1590 W libprocessgroup: kill(-3447, 9) failed: No such process
11-16 01:00:00.129  2170  2170 I CoreService: notifyClosing notify tab closed taskPackageName:com.idealdimension.EmpireAttack
11-16 01:00:00.143  1410  1410 I Zygote  : Process 3447 exited due to signal (9)
11-16 01:00:00.150  1572  1874 W ActivityManager: Ignoring remove of inactive process: ProcessRecord{f4b4449 0:com.idealdimension.EmpireAttack/u0a53}
11-16 01:00:00.159  2170  2170 W ContextImpl: Calling a method in the system process without a qualified user: android.app.ContextImpl.startService:1531 android.content.ContextWrapper.startService:664 android.content.ContextWrapper.startService:664 com.android.coreservice.CoreBroadcastReceiver.onReceive:54 android.app.ActivityThread.handleReceiver:3424 
11-16 01:00:00.167  1572  1590 W libprocessgroup: kill(-3447, 9) failed: No such process
11-16 01:00:00.167  1572  1590 I libprocessgroup: Successfully killed process cgroup uid 10053 pid 3447 in 44ms
11-16 01:00:00.168  1572  2754 I         : fastpipe: close connect
11-16 01:00:00.222  1443  2121 W SurfaceFlinger: Attempting to set client state on removed layer: Dim Layer for - mAboveAppWindowsContainers#0
11-16 01:00:00.222  1443  2121 W SurfaceFlinger: Attempting to destroy on removed layer: Dim Layer for - mAboveAppWindowsContainers#0
11-16 01:00:00.594  2214  2310 W OpenGLRenderer: Incorrectly called buildLayer on View: ShortcutAndWidgetContainer, destroying layer...
11-16 01:00:00.998  2214  2214 D LdShortcut: shortcutCmd cmd=7
11-16 01:00:00.998  1572  1874 I ActivityManager: START u0 {act=android.intent.action.MAIN cat=[android.intent.category.LAUNCHER] flg=0x10200000 cmp=com.idealdimension.EmpireAttack/cn.cmgame.billing.api.GameOpenActivity bnds=[567,144][800,317] (has extras)} from uid 10026
11-16 01:00:01.019  2170  2170 W ContextImpl: Calling a method in the system process without a qualified user: android.app.ContextImpl.startService:1531 android.content.ContextWrapper.startService:664 android.content.ContextWrapper.startService:664 com.android.coreservice.CoreBroadcastReceiver.onReceive:45 android.app.ActivityThread.handleReceiver:3424 
11-16 01:00:01.016  2170  2170 I oid.coreservice: type=1400 audit(0.0:877): avc: denied { ioctl } for path="/dev/fastpipe" dev="tmpfs" ino=7230 ioctlcmd=6867 scontext=u:r:system_app:s0 tcontext=u:object_r:device:s0 tclass=chr_file permissive=1
11-16 01:00:01.056  3467  3467 D nativebridge: PreInitializeNativeBridge name=zygote instruction_set=arm
11-16 01:00:01.053  3467  3467 I main    : type=1400 audit(0.0:878): avc: denied { mounton } for path="/system/lib/arm/cpuinfo" dev="sdb2" ino=393311 scontext=u:r:zygote:s0 tcontext=u:object_r:system_data_file:s0 tclass=file permissive=1
11-16 01:00:01.059  1572  1589 I ActivityManager: Start proc 3467:com.idealdimension.EmpireAttack/u0a53 for activity com.idealdimension.EmpireAttack/cn.cmgame.billing.api.GameOpenActivity
11-16 01:00:01.070  3467  3467 W nativebridge: Failed to bind-mount /data/local/cfg-gandz/ as /proc/cpuinfo: Not a directory
11-16 01:00:01.072  3467  3467 I Zygote  : seccomp disabled by setenforce 0
11-16 01:00:01.074  3467  3467 V libnb   : enter native_bridge2_initialize /data/user/0/com.idealdimension.EmpireAttack/code_cache arm
11-16 01:00:01.075  3467  3467 D houdini : [3467] Initialize library(version: 9.0.7a_y.38597 RELEASE)... successfully.
11-16 01:00:01.076  3467  3467 V libnb   : enter native_bridge2_isCompatibleWith 2
11-16 01:00:01.077  3467  3467 I chatty  : uid=10053(com.idealdimension.EmpireAttack) on.EmpireAttac identical 63 lines
11-16 01:00:01.077  3467  3467 V libnb   : enter native_bridge2_isCompatibleWith 2
11-16 01:00:01.080  3467  3467 E on.EmpireAttac: Not starting debugger since process cannot load the jdwp agent.
11-16 01:00:01.099  1572  1579 W System  : A resource failed to call close. 
11-16 01:00:01.131  2170  2170 W ContextImpl: Calling a method in the system process without a qualified user: android.app.ContextImpl.startService:1531 android.content.ContextWrapper.startService:664 android.content.ContextWrapper.startService:664 com.android.coreservice.CoreBroadcastReceiver.onReceive:54 android.app.ActivityThread.handleReceiver:3424 
11-16 01:00:01.100  1572  1579 I chatty  : uid=1000(system) FinalizerDaemon identical 20 lines
11-16 01:00:01.101  1572  1579 W System  : A resource failed to call close. 
11-16 01:00:01.134  3467  3467 I on.EmpireAttac: The ClassLoaderContext is a special shared library.
11-16 01:00:01.135  3467  3467 V libnb   : enter native_bridge2_isCompatibleWith 3
11-16 01:00:01.135  3467  3467 V libnb   : enter native_bridge3_isPathSupported /data/app/com.idealdimension.EmpireAttack-dgqQRadCgq3p7_Xsg1KgNQ==/lib/arm:/system/fake-libs:/data/app/com.idealdimension.EmpireAttack-dgqQRadCgq3p7_Xsg1KgNQ==/base.apk!/lib/armeabi
11-16 01:00:01.135  3467  3467 V libnb   : enter native_bridge2_isCompatibleWith 3
11-16 01:00:01.135  3467  3467 V libnb   : enter native_bridge3_initAnonymousNamespace libandroid.so:libaaudio.so:libc.so:libcamera2ndk.so:libdl.so:libEGL.so:libGLESv1_CM.so:libGLESv2.so:libGLESv3.so:libicui18n.so:libicuuc.so:libjnigraphics.so:liblog.so:libmediandk.so:libm.so:libnativewindow.so:libneuralnetworks.so:libOpenMAXAL.so:libOpenSLES.so:libRS.so:libstdc++.so:libsync.so:libvulkan.so:libwebviewchromium_plat_support.so:libz.so, /data/app/com.idealdimension.EmpireAttack-dgqQRadCgq3p7_Xsg1KgNQ==/lib/arm:/system/fake-libs:/data/app/com.idealdimension.EmpireAttack-dgqQRadCgq3p7_Xsg1KgNQ==/base.apk!/lib/armeabi
11-16 01:00:01.135  3467  3467 V libnb   : enter native_bridge2_isCompatibleWith 3
11-16 01:00:01.135  3467  3467 V libnb   : enter native_bridge3_isPathSupported /data/app/com.idealdimension.EmpireAttack-dgqQRadCgq3p7_Xsg1KgNQ==/lib/arm:/system/fake-libs:/data/app/com.idealdimension.EmpireAttack-dgqQRadCgq3p7_Xsg1KgNQ==/base.apk!/lib/armeabi
11-16 01:00:01.135  3467  3467 V libnb   : enter native_bridge2_isCompatibleWith 3
11-16 01:00:01.135  3467  3467 V libnb   : enter native_bridge3_createNamespace classloader-namespace, (null), /data/app/com.idealdimension.EmpireAttack-dgqQRadCgq3p7_Xsg1KgNQ==/lib/arm:/system/fake-libs:/data/app/com.idealdimension.EmpireAttack-dgqQRadCgq3p7_Xsg1KgNQ==/base.apk!/lib/armeabi, /data:/mnt/expand:/data/user/0/com.idealdimension.EmpireAttack
11-16 01:00:01.136  3467  3467 V libnb   : enter native_bridge2_isCompatibleWith 4
11-16 01:00:01.136  3467  3467 V libnb   : enter native_bridge2_isCompatibleWith 3
11-16 01:00:01.136  3467  3467 V libnb   : enter native_bridge3_linkNamespaces libandroid.so:libaaudio.so:libc.so:libcamera2ndk.so:libdl.so:libEGL.so:libGLESv1_CM.so:libGLESv2.so:libGLESv3.so:libicui18n.so:libicuuc.so:libjnigraphics.so:liblog.so:libmediandk.so:libm.so:libnativewindow.so:libneuralnetworks.so:libOpenMAXAL.so:libOpenSLES.so:libRS.so:libstdc++.so:libsync.so:libvulkan.so:libwebviewchromium_plat_support.so:libz.so
11-16 01:00:01.142  3467  3467 I System.out: java.io.FileNotFoundException: /data/dalvik-cache/data@app@com.idealdimension.EmpireAttack-dgqQRadCgq3p7_Xsg1KgNQ==@base.apk@classes.dex (No such file or directory)
11-16 01:00:01.142  3467  3467 I System.out: 	at java.io.FileInputStream.open0(Native Method)
11-16 01:00:01.142  3467  3467 I System.out: 	at java.io.FileInputStream.open(FileInputStream.java:231)
11-16 01:00:01.142  3467  3467 I System.out: 	at java.io.FileInputStream.<init>(FileInputStream.java:165)
11-16 01:00:01.142  3467  3467 I System.out: 	at java.io.FileInputStream.<init>(FileInputStream.java:112)
11-16 01:00:01.142  3467  3467 I System.out: 	at com.bangcle.protect.Util.calFileMD5(Util.java:756)
11-16 01:00:01.142  3467  3467 I System.out: 	at com.bangcle.protect.Util.doCheck(Util.java:682)
11-16 01:00:01.142  3467  3467 I System.out: 	at com.bangcle.protect.Util.runAll(Util.java:785)
11-16 01:00:01.142  3467  3467 I System.out: 	at com.idealdimension.EmpireAttack.CmgameApplication.onCreate(ApplicationTemplate.java:50)
11-16 01:00:01.142  3467  3467 I System.out: 	at android.app.Instrumentation.callApplicationOnCreate(Instrumentation.java:1154)
11-16 01:00:01.142  3467  3467 I System.out: 	at android.app.ActivityThread.handleBindApplication(ActivityThread.java:6025)
11-16 01:00:01.142  3467  3467 I System.out: 	at android.app.ActivityThread.access$1100(ActivityThread.java:207)
11-16 01:00:01.142  3467  3467 I System.out: 	at android.app.ActivityThread$H.handleMessage(ActivityThread.java:1663)
11-16 01:00:01.142  3467  3467 I System.out: 	at android.os.Handler.dispatchMessage(Handler.java:106)
11-16 01:00:01.142  3467  3467 I System.out: 	at android.os.Looper.loop(Looper.java:193)
11-16 01:00:01.142  3467  3467 I System.out: 	at android.app.ActivityThread.main(ActivityThread.java:6829)
11-16 01:00:01.142  3467  3467 I System.out: 	at java.lang.reflect.Method.invoke(Native Method)
11-16 01:00:01.142  3467  3467 I System.out: 	at com.android.internal.os.RuntimeInit$MethodAndArgsCaller.run(RuntimeInit.java:493)
11-16 01:00:01.142  3467  3467 I System.out: 	at com.android.internal.os.ZygoteInit.main(ZygoteInit.java:860)
11-16 01:00:01.150  3467  3467 V libnb   : enter native_bridge2_isCompatibleWith 3
11-16 01:00:01.150  3467  3467 V libnb   : enter native_bridge3_loadLibraryExt /data/data/com.idealdimension.EmpireAttack/.cache/libsecexe.x86.so, 0, 0x3
11-16 01:00:01.160  3467  3467 W linker  : Warning: "/data/data/com.idealdimension.EmpireAttack/.cache/libsecexe.x86.so" has unsupported e_shentsize 0x0 (expected 0x28) and will not work when the app moves to API level 26 or later (https://android.googlesource.com/platform/bionic/+/master/invalid-elf-header_section-headers-enforced-for-api-level-26) (allowing for now because this app's target API level is still 14)
11-16 01:00:01.160  3467  3467 W linker  : Warning: "/data/data/com.idealdimension.EmpireAttack/.cache/libsecexe.x86.so" has invalid e_shstrndx and will not work when the app moves to API level 26 or later (https://android.googlesource.com/platform/bionic/+/master/invalid-elf-header_section-headers-enforced-for-api-level-26) (allowing for now because this app's target API level is still 14)
11-16 01:00:01.160  3467  3467 E linker  : "/data/data/com.idealdimension.EmpireAttack/.cache/libsecexe.x86.so" has no section headers
11-16 01:00:01.160  3467  3467 V libnb   : native_bridge3_loadLibraryExt: 0x0
11-16 01:00:01.160  3467  3467 V libnb   : enter native_bridge2_isCompatibleWith 3
11-16 01:00:01.160  3467  3467 V libnb   : enter native_bridge3_getError
11-16 01:00:01.160  3467  3467 D AndroidRuntime: Shutting down VM
11-16 01:00:01.161  3467  3467 E AndroidRuntime: FATAL EXCEPTION: main
11-16 01:00:01.161  3467  3467 E AndroidRuntime: Process: com.idealdimension.EmpireAttack, PID: 3467
11-16 01:00:01.161  3467  3467 E AndroidRuntime: java.lang.UnsatisfiedLinkError: no error!
11-16 01:00:01.161  3467  3467 E AndroidRuntime: 	at java.lang.Runtime.load0(Runtime.java:962)
11-16 01:00:01.161  3467  3467 E AndroidRuntime: 	at java.lang.System.load(System.java:1642)
11-16 01:00:01.161  3467  3467 E AndroidRuntime: 	at com.bangcle.protect.ACall.<clinit>(ACall.java:29)
11-16 01:00:01.161  3467  3467 E AndroidRuntime: 	at com.bangcle.protect.ACall.getACall(ACall.java:44)
11-16 01:00:01.161  3467  3467 E AndroidRuntime: 	at com.bangcle.protect.Util.CopyBinaryFile(Util.java:601)
11-16 01:00:01.161  3467  3467 E AndroidRuntime: 	at com.bangcle.protect.Util.runAll(Util.java:800)
11-16 01:00:01.161  3467  3467 E AndroidRuntime: 	at com.idealdimension.EmpireAttack.CmgameApplication.onCreate(ApplicationTemplate.java:50)
11-16 01:00:01.161  3467  3467 E AndroidRuntime: 	at android.app.Instrumentation.callApplicationOnCreate(Instrumentation.java:1154)
11-16 01:00:01.161  3467  3467 E AndroidRuntime: 	at android.app.ActivityThread.handleBindApplication(ActivityThread.java:6025)
11-16 01:00:01.161  3467  3467 E AndroidRuntime: 	at android.app.ActivityThread.access$1100(ActivityThread.java:207)
11-16 01:00:01.161  3467  3467 E AndroidRuntime: 	at android.app.ActivityThread$H.handleMessage(ActivityThread.java:1663)
11-16 01:00:01.161  3467  3467 E AndroidRuntime: 	at android.os.Handler.dispatchMessage(Handler.java:106)
11-16 01:00:01.161  3467  3467 E AndroidRuntime: 	at android.os.Looper.loop(Looper.java:193)
11-16 01:00:01.161  3467  3467 E AndroidRuntime: 	at android.app.ActivityThread.main(ActivityThread.java:6829)
11-16 01:00:01.161  3467  3467 E AndroidRuntime: 	at java.lang.reflect.Method.invoke(Native Method)
11-16 01:00:01.161  3467  3467 E AndroidRuntime: 	at com.android.internal.os.RuntimeInit$MethodAndArgsCaller.run(RuntimeInit.java:493)
11-16 01:00:01.161  3467  3467 E AndroidRuntime: 	at com.android.internal.os.ZygoteInit.main(ZygoteInit.java:860)
11-16 01:00:01.162  1572  1844 W ActivityManager:   Force finishing activity com.idealdimension.EmpireAttack/cn.cmgame.billing.api.GameOpenActivity
11-16 01:00:01.166  1572  1588 I ActivityManager: Showing crash dialog for package com.idealdimension.EmpireAttack u0
11-16 01:00:01.187  1572  2754 I         : fastpipe: Connect success
11-16 01:00:01.188  1572  2754 D HostConnection: HostRPC::connect sucess: app=system_server, pid=1572, tid=2754, this=0x76386fd93100
11-16 01:00:01.188  1572  2754 D HostConnection: queryAndSetGLESMaxVersion select gles-version: 3.1 hostGLVersion:46 process:system_server
11-16 01:00:01.189  1572  2754 I ConfigStore: android::hardware::configstore::V1_0::ISurfaceFlingerConfigs::hasWideColorDisplay retrieved: 0
11-16 01:00:01.189  1572  2754 I ConfigStore: android::hardware::configstore::V1_0::ISurfaceFlingerConfigs::hasHDRDisplay retrieved: 0
11-16 01:00:01.189  1572  2754 I OpenGLRenderer: Initialized EGL, version 1.4
11-16 01:00:01.189  1572  2754 D OpenGLRenderer: Swap behavior 1
11-16 01:00:01.220  1572  2754 D EGL_emulation: eglCreateContext: 0x76386b398240: maj 3 min 1 rcv 4
11-16 01:00:01.239  1572  2754 D HostConnection: ExtendedRCEncoderContext GL_VERSION return OpenGL ES 3.1 v1
11-16 01:00:01.242  1572  2754 E eglCodecCommon: glUtilsParamSize: unknow param 0x00008c29
11-16 01:00:01.242  1572  2754 E eglCodecCommon: glUtilsParamSize: unknow param 0x000087fe
11-16 01:00:01.250  1572  2754 E EGL_emulation: tid 2754: eglSurfaceAttrib(1493): error 0x3009 (EGL_BAD_MATCH)
11-16 01:00:01.250  1572  2754 W OpenGLRenderer: Failed to set EGL_SWAP_BEHAVIOR on surface 0x76386b14eb00, error=EGL_BAD_MATCH
11-16 01:00:01.336  1721  1748 E ndroid.systemu: No package ID ff found for ID 0xffffffff.
11-16 01:00:01.336  1721  1748 E IconLoader: Could not find icon drawable from resource
11-16 01:00:01.336  1721  1748 E IconLoader: android.content.res.Resources$NotFoundException: Resource ID #0xffffffff
11-16 01:00:01.336  1721  1748 E IconLoader: 	at android.content.res.ResourcesImpl.getValueForDensity(ResourcesImpl.java:236)
11-16 01:00:01.336  1721  1748 E IconLoader: 	at android.content.res.Resources.getDrawableForDensity(Resources.java:887)
11-16 01:00:01.336  1721  1748 E IconLoader: 	at android.content.res.Resources.getDrawable(Resources.java:827)
11-16 01:00:01.336  1721  1748 E IconLoader: 	at com.android.systemui.shared.recents.model.IconLoader.createNewIconForTask(IconLoader.java:118)
11-16 01:00:01.336  1721  1748 E IconLoader: 	at com.android.systemui.shared.recents.model.IconLoader.getAndInvalidateIfModified(IconLoader.java:94)
11-16 01:00:01.336  1721  1748 E IconLoader: 	at com.android.systemui.shared.recents.model.RecentsTaskLoader.getAndUpdateActivityIcon(RecentsTaskLoader.java:325)
11-16 01:00:01.336  1721  1748 E IconLoader: 	at com.android.systemui.shared.recents.model.RecentsTaskLoadPlan.executePlan(RecentsTaskLoadPlan.java:188)
11-16 01:00:01.336  1721  1748 E IconLoader: 	at com.android.systemui.shared.recents.model.RecentsTaskLoader.loadTasks(RecentsTaskLoader.java:173)
11-16 01:00:01.336  1721  1748 E IconLoader: 	at com.android.systemui.recents.RecentsImpl$TaskStackListenerImpl.onTaskStackChangedBackground(RecentsImpl.java:184)
11-16 01:00:01.336  1721  1748 E IconLoader: 	at com.android.systemui.shared.system.TaskStackChangeListeners.onTaskStackChanged(TaskStackChangeListeners.java:80)
11-16 01:00:01.336  1721  1748 E IconLoader: 	at android.app.ITaskStackListener$Stub.onTransact(ITaskStackListener.java:50)
11-16 01:00:01.336  1721  1748 E IconLoader: 	at android.os.Binder.execTransact(Binder.java:731)
11-16 01:00:01.406  1572  1579 W System  : A resource failed to call close. 
11-16 01:00:01.665  1572  1587 W ActivityManager: Activity pause timeout for ActivityRecord{66d86bd u0 com.idealdimension.EmpireAttack/cn.cmgame.billing.api.GameOpenActivity t35 f}
11-16 01:00:01.406  1572  1579 I chatty  : uid=1000(system) FinalizerDaemon identical 20 lines
11-16 01:00:01.406  1572  1579 W System  : A resource failed to call close. 
11-16 01:00:01.701  2214  2310 E EGL_emulation: tid 2310: eglSurfaceAttrib(1493): error 0x3009 (EGL_BAD_MATCH)
11-16 01:00:01.702  2214  2310 W OpenGLRenderer: Failed to set EGL_SWAP_BEHAVIOR on surface 0x763878e5ab80, error=EGL_BAD_MATCH
11-16 01:00:01.706  2170  2170 W ContextImpl: Calling a method in the system process without a qualified user: android.app.ContextImpl.startService:1531 android.content.ContextWrapper.startService:664 android.content.ContextWrapper.startService:664 com.android.coreservice.CoreBroadcastReceiver.onReceive:45 android.app.ActivityThread.handleReceiver:3424 
11-16 01:00:01.744  2170  2170 W ContextImpl: Calling a method in the system process without a qualified user: android.app.ContextImpl.startService:1531 android.content.ContextWrapper.startService:664 android.content.ContextWrapper.startService:664 com.android.coreservice.CoreBroadcastReceiver.onReceive:54 android.app.ActivityThread.handleReceiver:3424 
11-16 01:00:01.746  1572  1844 I ActivityManager: START u0 {act=android.settings.APPLICATION_DETAILS_SETTINGS dat=package:com.idealdimension.EmpireAttack flg=0x10000000 cmp=com.android.settings/.applications.InstalledAppDetails} from uid 1000
11-16 01:00:01.748  1572  2754 D OpenGLRenderer: endAllActiveAnimators on 0x7638659ca000 (RippleDrawable) with handle 0x763865acb640
11-16 01:00:01.759  1439  1555 D AudioFlinger: mixer(0xf3483640) throttle end: throttle time(3)
11-16 01:00:01.764  3467  3467 W System.err: java.lang.Exception: call killProcess callstack! pid=3467
11-16 01:00:01.764  3467  3467 W System.err: 	at android.os.Process.killProcess(Process.java:915)
11-16 01:00:01.764  3467  3467 W System.err: 	at com.android.internal.os.RuntimeInit$KillApplicationHandler.uncaughtException(RuntimeInit.java:157)
11-16 01:00:01.764  3467  3467 W System.err: 	at java.lang.ThreadGroup.uncaughtException(ThreadGroup.java:1085)
11-16 01:00:01.764  3467  3467 W System.err: 	at java.lang.ThreadGroup.uncaughtException(ThreadGroup.java:1065)
11-16 01:00:01.764  3467  3467 W System.err: 	at java.lang.Thread.dispatchUncaughtException(Thread.java:1955)
11-16 01:00:01.764  3467  3467 I Process : Sending signal. PID: 3467 SIG: 9
11-16 01:00:01.778  1572  2754 I         : fastpipe: close connect
11-16 01:00:01.784  1410  1410 I Zygote  : Process 3467 exited due to signal (9)
11-16 01:00:01.785  1914  1914 W ActivityThread: handleWindowVisibility: no activity for token android.os.BinderProxy@6c66dee
11-16 01:00:01.788  1441  1441 E lowmemorykiller: Error opening /proc/3467/oom_score_adj; errno=2
11-16 01:00:01.790  1572  2304 I ActivityManager: Process com.idealdimension.EmpireAttack (pid 3467) has died: cch  CEM 
11-16 01:00:01.790  1572  1590 W libprocessgroup: kill(-3467, 9) failed: No such process
11-16 01:00:01.790  1572  1590 I libprocessgroup: Successfully killed process cgroup uid 10053 pid 3467 in 0ms
11-16 01:00:01.790  2170  2170 W ContextImpl: Calling a method in the system process without a qualified user: android.app.ContextImpl.sendBroadcast:1020 android.content.ContextWrapper.sendBroadcast:449 com.android.coreservice.TabManager.notifyClosing:413 com.android.coreservice.TabManager.updateInner:200 com.android.coreservice.TabManager.onUpdate:235 
11-16 01:00:01.804  1572  1843 W ActivityManager: Request to remove task ignored for non-existent task 35
11-16 01:00:01.805  2170  2170 I CoreService: notifyClosing notify tab closed taskPackageName:com.idealdimension.EmpireAttack
11-16 01:00:01.805  2170  2170 W ContextImpl: Calling a method in the system process without a qualified user: android.app.ContextImpl.startService:1531 android.content.ContextWrapper.startService:664 android.content.ContextWrapper.startService:664 com.android.coreservice.CoreBroadcastReceiver.onReceive:45 android.app.ActivityThread.handleReceiver:3424 
11-16 01:00:01.807  1914  1914 D SettingsActivity: Starting onCreate
11-16 01:00:01.822  1443  1522 W SurfaceFlinger: Attempting to destroy on removed layer: cb19737 Application Error: com.idealdimension.EmpireAttack#0
11-16 01:00:01.828  2170  2170 W ContextImpl: Calling a method in the system process without a qualified user: android.app.ContextImpl.startService:1531 android.content.ContextWrapper.startService:664 android.content.ContextWrapper.startService:664 com.android.coreservice.CoreBroadcastReceiver.onReceive:54 android.app.ActivityThread.handleReceiver:3424 
11-16 01:00:01.838  1914  1914 D SettingsActivity: Starting to set activity title
11-16 01:00:01.839  1914  1914 D SettingsActivity: Done setting title
11-16 01:00:01.839  1914  1914 D SettingsActivity: Switching to fragment com.android.settings.applications.appinfo.AppInfoDashboardFragment
11-16 01:00:01.865  1443  1655 W SurfaceFlinger: Attempting to set client state on removed layer: Dim Layer for - mAboveAppWindowsContainers#0
11-16 01:00:01.865  1443  1655 W SurfaceFlinger: Attempting to destroy on removed layer: Dim Layer for - mAboveAppWindowsContainers#0
11-16 01:00:01.873  1914  1914 D PrefCtrlListHelper: Could not find Context-only controller for pref: com.android.settings.applications.appinfo.AppNotificationPreferenceController
11-16 01:00:01.873  1914  1914 D PrefCtrlListHelper: Could not find Context-only controller for pref: com.android.settings.applications.appinfo.AppPermissionPreferenceController
11-16 01:00:01.873  1914  1914 D PrefCtrlListHelper: Could not find Context-only controller for pref: com.android.settings.applications.appinfo.AppStoragePreferenceController
11-16 01:00:01.874  1914  1914 D PrefCtrlListHelper: Could not find Context-only controller for pref: com.android.settings.applications.appinfo.InstantAppDomainsPreferenceController
11-16 01:00:01.874  1914  1914 D PrefCtrlListHelper: Could not find Context-only controller for pref: com.android.settings.applications.appinfo.AppDataUsagePreferenceController
11-16 01:00:01.874  1914  1914 D PrefCtrlListHelper: Could not find Context-only controller for pref: com.android.settings.applications.appinfo.TimeSpentInAppPreferenceController
11-16 01:00:01.874  1914  1914 D PrefCtrlListHelper: Could not find Context-only controller for pref: com.android.settings.applications.appinfo.AppOpenByDefaultPreferenceController
11-16 01:00:01.874  1914  1914 D PrefCtrlListHelper: Could not find Context-only controller for pref: com.android.settings.applications.appinfo.AdvancedAppInfoPreferenceCategoryController
11-16 01:00:01.874  1914  1914 D PrefCtrlListHelper: Could not find Context-only controller for pref: com.android.settings.applications.appinfo.DrawOverlayDetailPreferenceController
11-16 01:00:01.874  1914  1914 D PrefCtrlListHelper: Could not find Context-only controller for pref: com.android.settings.applications.appinfo.WriteSystemSettingsPreferenceController
11-16 01:00:01.874  1914  1914 D PrefCtrlListHelper: Could not find Context-only controller for pref: com.android.settings.applications.appinfo.PictureInPictureDetailPreferenceController
11-16 01:00:01.874  1914  1914 D PrefCtrlListHelper: Could not find Context-only controller for pref: com.android.settings.applications.appinfo.ExternalSourceDetailPreferenceController
11-16 01:00:01.874  1914  1914 D PrefCtrlListHelper: Could not find Context-only controller for pref: com.android.settings.applications.appinfo.AppInstallerPreferenceCategoryController
11-16 01:00:01.874  1914  1914 D PrefCtrlListHelper: Could not find Context-only controller for pref: com.android.settings.applications.appinfo.AppInstallerInfoPreferenceController
11-16 01:00:01.874  1914  1914 D PrefCtrlListHelper: Could not find Context-only controller for pref: com.android.settings.applications.appinfo.AppSettingPreferenceController
11-16 01:00:01.874  1914  1914 D PrefCtrlListHelper: Could not find Context-only controller for pref: com.android.settings.applications.appinfo.AppVersionPreferenceController
11-16 01:00:01.892  2170  2170 E CoreService: LoadIconFile not found
11-16 01:00:01.902  1572  1579 W System  : A resource failed to call close. 
11-16 01:00:01.903  1572  1579 I chatty  : uid=1000(system) FinalizerDaemon identical 18 lines
11-16 01:00:01.903  1572  1579 W System  : A resource failed to call close. 
11-16 01:00:01.914  1914  1914 W InstrumentedPrefFrag: Screen title missing for fragment com.android.settings.applications.appinfo.AppInfoDashboardFragment
11-16 01:00:02.030  1914  1914 D AppInfoDashboard: NO dashboard tiles for AppInfoDashboard
11-16 01:00:02.031  1914  1914 D SettingsActivity: Executed frag manager pendingTransactions
11-16 01:00:02.036  1914  2825 I DeviceIndex: Skipping: device index is not enabled
11-16 01:00:02.040  1914  3440 W TileUtils: Found com.android.settings.Settings$NotificationAppListActivity for intent Intent { act=com.android.settings.action.SETTINGS pkg=com.android.settings } missing metadata com.android.settings.category
11-16 01:00:02.050  1572  1591 E BatteryExternalStatsWorker: no controller energy info supplied for wifi
11-16 01:00:02.050  1572  1591 E BatteryExternalStatsWorker: no controller energy info supplied for bluetooth
11-16 01:00:02.060  1489  1489 E VSoCRil : Request 135 not supported.
11-16 01:00:02.061  1572  1591 E KernelCpuSpeedReader: Failed to read cpu-freq: /sys/devices/system/cpu/cpu0/cpufreq/stats/time_in_state (No such file or directory)
11-16 01:00:02.062  1572  1591 E KernelWakelockReader: neither /proc/wakelocks nor /d/wakeup_sources exists
11-16 01:00:02.062  1572  1591 W BatteryStatsImpl: Couldn't get kernel wake lock stats
11-16 01:00:02.062  1572  1591 W BatteryExternalStatsWorker: modem info is invalid: ModemActivityInfo{ mTimestamp=0 mSleepTimeMs=0 mIdleTimeMs=0 mTxTimeMs[]=[0, 0, 0, 0, 0] mRxTimeMs=0 mEnergyUsed=0}
11-16 01:00:02.071  1914  1914 D AppUtils: Have 0 number of activities in preferred list
11-16 01:00:02.072  1914  3441 D SettingsActivity: No enabled state changed, skipping updateCategory call
11-16 01:00:02.073  1914  1914 W ContextImpl: Calling a method in the system process without a qualified user: android.app.ContextImpl.bindService:1611 android.content.ContextWrapper.bindService:698 android.content.pm.permission.RuntimePermissionPresenter$RemoteService.processMessage:171 android.content.pm.permission.RuntimePermissionPresenter.getAppPermissions:118 com.android.settingslib.applications.PermissionsSummaryHelper.getPermissionSummary:34 
11-16 01:00:02.076  1572  1579 W System  : A resource failed to call close. 
11-16 01:00:02.076  1572  1579 I chatty  : uid=1000(system) FinalizerDaemon identical 22 lines
11-16 01:00:02.076  1572  1579 W System  : A resource failed to call close. 
11-16 01:00:02.106  1914  1914 W AppActionButtonControl: App is not explicitly stopped
11-16 01:00:02.109  1914  1914 D AppUtils: Have 0 number of activities in preferred list
11-16 01:00:02.117  2170  2170 W ContextImpl: Calling a method in the system process without a qualified user: android.app.ContextImpl.startService:1531 android.content.ContextWrapper.startService:664 android.content.ContextWrapper.startService:664 com.android.coreservice.CoreBroadcastReceiver.onReceive:54 android.app.ActivityThread.handleReceiver:3424 
11-16 01:00:02.126  1443  1443 I Binder:1443_2: type=1400 audit(0.0:884): avc: denied { read write } for path="/dev/fastpipe" dev="tmpfs" ino=7230 scontext=u:r:system_app:s0 tcontext=u:object_r:device:s0 tclass=chr_file permissive=1
11-16 01:00:02.133  1914  1943 E EGL_emulation: tid 1943: eglSurfaceAttrib(1493): error 0x3009 (EGL_BAD_MATCH)
11-16 01:00:02.133  1914  1943 W OpenGLRenderer: Failed to set EGL_SWAP_BEHAVIOR on surface 0x763875bac300, error=EGL_BAD_MATCH
11-16 01:00:02.126  1443  1443 W Binder:1443_2: type=1300 audit(0.0:884): arch=c000003e syscall=16 success=yes exit=0 a0=5 a1=c0306201 a2=7639157ff1a8 a3=763915c27308 items=0 ppid=1 auid=4294967295 uid=1000 gid=1003 euid=1000 suid=1000 fsuid=1000 egid=1003 sgid=1003 fsgid=1003 tty=(none) ses=4294967295 exe="/system/bin/surfaceflinger" subj=u:r:surfaceflinger:s0 key=(null)
11-16 01:00:02.149  2170  2170 W ContextImpl: Calling a method in the system process without a qualified user: android.app.ContextImpl.startService:1531 android.content.ContextWrapper.startService:664 android.content.ContextWrapper.startService:664 com.android.coreservice.CoreBroadcastReceiver.onReceive:70 android.app.ActivityThread.handleReceiver:3424 
11-16 01:00:02.157  1572  1586 I ActivityManager: Displayed com.android.settings/.applications.InstalledAppDetails: +400ms
11-16 01:00:02.208  1443  1522 W SurfaceFlinger: Attempting to set client state on removed layer: Splash Screen com.android.settings#0
11-16 01:00:02.208  1443  1522 W SurfaceFlinger: Attempting to destroy on removed layer: Splash Screen com.android.settings#0
11-16 01:00:02.240  1572  1579 W System  : A resource failed to call close. 
11-16 01:00:02.240  1572  1579 I chatty  : uid=1000(system) FinalizerDaemon identical 15 lines
11-16 01:00:02.240  1572  1579 W System  : A resource failed to call close. 
11-16 01:00:02.359  1914  1914 D AppInfoDashboard: Package change irrelevant, skipping
11-16 01:00:02.378  1572  1579 W System  : A resource failed to call close. 
11-16 01:00:02.378  1572  1579 I chatty  : uid=1000(system) FinalizerDaemon identical 21 lines
11-16 01:00:02.378  1572  1579 W System  : A resource failed to call close. 
11-16 01:00:02.898  1428  1505 D EmuHWC2 : sent 60 syncs in 61s
11-16 01:00:03.446  1482  1482 I storaged: type=1400 audit(0.0:885): avc: denied { call } for scontext=u:r:storaged:s0 tcontext=u:r:init:s0 tclass=binder permissive=1
11-16 01:00:02.150  2170  2170 W ContextImpl: Calling a method in the system process without a qualified user: android.app.ContextImpl.startService:1531 android.content.ContextWrapper.startService:664 android.content.ContextWrapper.startService:664 com.android.coreservice.CoreBroadcastReceiver.onReceive:70 android.app.ActivityThread.handleReceiver:3424 
11-16 01:00:03.448  1482  1528 E storaged: getDiskStats failed with result NOT_SUPPORTED and size 0
11-16 01:00:03.446  1482  1482 W storaged: type=1300 audit(0.0:885): arch=c000003e syscall=16 success=yes exit=0 a0=4 a1=c0306201 a2=763916bfeea0 a3=763916c27288 items=0 ppid=1 auid=4294967295 uid=0 gid=1032 euid=0 suid=0 fsuid=0 egid=1032 sgid=1032 fsgid=1032 tty=(none) ses=4294967295 exe="/system/bin/storaged" subj=u:r:storaged:s0 key=(null)
11-16 01:00:04.503  2391  2449 D LdAnalyticsSDK: responseCode = 200
11-16 01:00:04.805  1416  1542 D audio_hw_hal: log_func, out_standby
11-16 01:00:04.805  1416  1542 D audio_hw_hal: raw_close_output_stream, dev=0xf5d98000, stream =0xf5d9b000
11-16 01:00:04.805  1416  1542 D audio_hw_hal: raw_close_output_stream, stream=0xf5d9b000,  success!
11-16 01:00:05.379  1416  2740 D audio_hw_hal: raw_start_output_stream, stream=0xf5d9b000, sampleRate=48000, channel=2, bps=16, bufSize=4096
11-16 01:00:07.845  2170  2170 W ContextImpl: Calling a method in the system process without a qualified user: android.app.ContextImpl.startService:1531 android.content.ContextWrapper.startService:664 android.content.ContextWrapper.startService:664 com.android.coreservice.CoreBroadcastReceiver.onReceive:45 android.app.ActivityThread.handleReceiver:3424 
