--------- beginning of main
11-16 00:58:31.460  1572  1579 I chatty  : uid=1000(system) FinalizerDaemon expire 14 lines
11-16 00:58:31.460  1572  1579 W System  : A resource failed to call close. 
11-16 00:58:46.786  2391  3339 I System.out: 心跳客户端时间:1763225926786
11-16 00:58:46.786  2391  3339 I System.out: 心跳服务器端时间:1763225927057
11-16 00:58:46.786  2391  3339 I System.out: 网络延时:-271ms
11-16 00:59:01.463  1428  1505 D EmuHWC2 : sent 12 syncs in 60s
11-16 00:59:01.509  1572  1579 W System  : A resource failed to call close. 
--------- beginning of system
11-16 00:59:03.447  1482  1528 E storaged: getDiskStats failed with result NOT_SUPPORTED and size 0
11-16 00:59:01.509  1572  1579 I chatty  : uid=1000(system) FinalizerDaemon identical 20 lines
11-16 00:59:01.509  1572  1579 W System  : A resource failed to call close. 
11-16 00:59:27.466  1438  1438 I ldinit  : type=1400 audit(0.0:810): avc: denied { ioctl } for path="/dev/fastpipe" dev="tmpfs" ino=7230 ioctlcmd=6868 scontext=u:r:ldinit:s0 tcontext=u:object_r:device:s0 tclass=chr_file permissive=1
11-16 00:59:27.466  1438  1438 W ldinit  : type=1300 audit(0.0:810): arch=c000003e syscall=16 success=yes exit=0 a0=3 a1=80046868 a2=763916e2c010 a3=1 items=0 ppid=1 auid=4294967295 uid=0 gid=0 euid=0 suid=0 fsuid=0 egid=0 sgid=0 fsgid=0 tty=(none) ses=4294967295 exe="/system/bin/ldinit" subj=u:r:ldinit:s0 key=(null)
11-16 00:59:27.466  1367  1367 W auditd  : type=1327 audit(0.0:810): proctitle="/system/bin/ldinit"
11-16 00:59:27.466  1367  1367 W auditd  : type=1320 audit(0.0:810): 
11-16 00:59:27.466  1438  1438 I ldinit  : type=1400 audit(0.0:811): avc: denied { write } for name="file-cache" dev="sdb2" ino=393230 scontext=u:r:ldinit:s0 tcontext=u:object_r:system_data_file:s0 tclass=dir permissive=1
11-16 00:59:27.466  1438  1438 I ldinit  : type=1400 audit(0.0:811): avc: denied { add_name } for name="3.apk" scontext=u:r:ldinit:s0 tcontext=u:object_r:system_data_file:s0 tclass=dir permissive=1
11-16 00:59:27.861  2170  2170 I CoreService: installPackage /data/local/file-cache/3.apk
11-16 00:59:27.862  2170  3351 I CoreService: doInBackground
11-16 00:59:27.908  2170  3351 I CoreService: done install session commit
11-16 00:59:27.950  1572  1621 E NativeHelper: findSupportedAbi file format error! line=com\.rxjh.xxgdt.armeabi-v7a
11-16 00:59:27.950  1572  1621 D NativeLibraryHelper: call FindSupportedAbi, param: supportedAbisArray=x86_64 x86 arm64-v8a armeabi-v7a armeabi 
11-16 00:59:27.950  1572  1621 D NativeLibraryHelper: native FindSupportedAbi return! ret=4 abi=armeabi
11-16 00:59:27.956  1572  1579 W System  : A resource failed to call close. 
11-16 00:59:27.956  1572  1579 I chatty  : uid=1000(system) FinalizerDaemon identical 15 lines
11-16 00:59:27.956  1572  1579 W System  : A resource failed to call close. 
11-16 00:59:27.976  1572  1586 E memtrack: Couldn't load memtrack module
11-16 00:59:27.976  1572  1586 W android.os.Debug: failed to get memory consumption info: -1
11-16 00:59:28.013  2693  3088 E NativeHelper: findSupportedAbi file format error! line=com\.rxjh.xxgdt.armeabi-v7a
11-16 00:59:28.013  2693  3088 D NativeLibraryHelper: call FindSupportedAbi, param: supportedAbisArray=x86_64 x86 arm64-v8a armeabi-v7a armeabi 
11-16 00:59:28.111  1572  1601 E NativeHelper: findSupportedAbi file format error! line=com\.rxjh.xxgdt.armeabi-v7a
11-16 00:59:28.111  1572  1601 D NativeLibraryHelper: call FindSupportedAbi, param: supportedAbisArray=x86_64 x86 arm64-v8a armeabi-v7a armeabi 
11-16 00:59:28.119  1572  1601 I PackageManager: do copyNativeBinariesForSupportedAbi copyRet=4
11-16 00:59:28.151  1572  1601 I PackageManager.DexOptimizer: Running dexopt (dexoptNeeded=1) on: /data/app/com.idealdimension.EmpireAttack-dgqQRadCgq3p7_Xsg1KgNQ==/base.apk pkg=com.idealdimension.EmpireAttack isa=x86 dexoptFlags=boot_complete,profile_guided,public,enable_hidden_api_checks targetFilter=speed-profile oatDir=/data/app/com.idealdimension.EmpireAttack-dgqQRadCgq3p7_Xsg1KgNQ==/oat classLoaderContext=PCL[/system/framework/org.apache.http.legacy.boot.jar]
11-16 00:59:28.151  1451  1486 V installed: DexInv: --- BEGIN '/data/app/com.idealdimension.EmpireAttack-dgqQRadCgq3p7_Xsg1KgNQ==/base.apk' ---
11-16 00:59:28.170  3355  3355 I dex2oat : /system/bin/dex2oat --input-vdex-fd=-1 --output-vdex-fd=8 --compiler-filter=speed-profile --classpath-dir=/data/app/com.idealdimension.EmpireAttack-dgqQRadCgq3p7_Xsg1KgNQ== --class-loader-context=PCL[/system/framework/org.apache.http.legacy.boot.jar] --generate-mini-debug-info --compact-dex-level=none --compilation-reason=install
11-16 00:59:28.170  3355  3355 E cutils-trace: Error opening trace file: No such file or directory (2)
11-16 00:59:28.283  3355  3355 I dex2oat : Explicit concurrent copying GC freed 22(90KB) AllocSpace objects, 0(0B) LOS objects, 99% free, 896B/1536KB, paused 104us total 3.339ms
11-16 00:59:28.324  3355  3355 I dex2oat : dex2oat took 155.048ms (144.526ms cpu) (threads: 4) arena alloc=5KB (5960B) java alloc=16KB (17280B) native alloc=1270KB (1301456B) free=2MB (2368560B)
11-16 00:59:28.328  1451  1486 V installed: DexInv: --- END '/data/app/com.idealdimension.EmpireAttack-dgqQRadCgq3p7_Xsg1KgNQ==/base.apk' (success) ---
11-16 00:59:28.328  1572  1601 V BackupManagerService: restoreAtInstall pkg=com.idealdimension.EmpireAttack token=4 restoreSet=0
11-16 00:59:28.329  1572  1601 V BackupManagerService: Finishing install immediately
11-16 00:59:28.329  1451  1486 E         : Couldn't opendir /data/app/vmdl1623923323.tmp: No such file or directory
11-16 00:59:28.329  1451  1486 E installd: Failed to delete /data/app/vmdl1623923323.tmp: No such file or directory
11-16 00:59:28.331  2170  2170 I CoreService: AppInstallCallback success
11-16 00:59:28.334  2214  2214 D LdHotSeatAdImp: Test: updateAHotSetIcon viewItem=null
11-16 00:59:28.334  2391  2391 I System.out: onReceive
11-16 00:59:28.347  1714  1714 D Avrcp   : isBrowsableListUpdated: false
11-16 00:59:28.347  1714  1714 D BluetoothMapAppObserver: onReceive
11-16 00:59:28.347  1714  1714 D BluetoothMapAppObserver: The installed package is: com.idealdimension.EmpireAttack
11-16 00:59:28.349  1572  1659 I InputReader: Reconfiguring input devices.  changes=0x00000010
11-16 00:59:28.359  1714  1714 D BluetoothMapAppObserver: Found 0 application(s) with intent android.bluetooth.action.BLUETOOTH_MAP_PROVIDER
11-16 00:59:28.370  2170  2170 W ContextImpl: Calling a method in the system process without a qualified user: android.app.ContextImpl.startService:1531 android.content.ContextWrapper.startService:664 android.content.ContextWrapper.startService:664 com.android.coreservice.CoreBroadcastReceiver.onReceive:78 android.app.ActivityThread.handleReceiver:3424 
11-16 00:59:28.370  1714  1714 D BluetoothMapAppObserver: Found 0 application(s) with intent android.bluetooth.action.BLUETOOTH_MAP_IM_PROVIDER
11-16 00:59:28.370  1714  1714 V NewAvrcpMediaPlayerList: mPackageChangedBroadcastReceiver: action: android.intent.action.PACKAGE_ADDED
11-16 00:59:28.370  1714  1714 D NewAvrcpMediaPlayerList: Name of package changed: com.idealdimension.EmpireAttack
11-16 00:59:28.371  1572  1572 I Telecom : DefaultDialerCache: Refreshing default dialer for user 0: now null: DDC.oR@AFc
11-16 00:59:28.376  1572  1624 W BroadcastQueue: Background execution not allowed: receiving Intent { act=android.intent.action.PACKAGE_ADDED dat=package:com.idealdimension.EmpireAttack flg=0x4000010 (has extras) } to com.android.flysilkworm/.app.service.ApkReceiver
11-16 00:59:28.378  2391  2391 W System.err: java.io.IOException: Cannot run program "su": error=13, Permission denied
11-16 00:59:28.378  2391  2391 W System.err: 	at java.lang.ProcessBuilder.start(ProcessBuilder.java:1050)
11-16 00:59:28.378  2391  2391 W System.err: 	at java.lang.Runtime.exec(Runtime.java:729)
11-16 00:59:28.378  2391  2391 W System.err: 	at java.lang.Runtime.exec(Runtime.java:559)
11-16 00:59:28.378  2391  2391 W System.err: 	at java.lang.Runtime.exec(Runtime.java:456)
11-16 00:59:28.378  2391  2391 W System.err: 	at com.android.flysilkworm.common.utils.k1.c(SystemPropertiesProxy.java:3)
11-16 00:59:28.378  2391  2391 W System.err: 	at com.android.flysilkworm.app.service.ApkReceiver.c(ApkReceiver.java:10)
11-16 00:59:28.378  2391  2391 W System.err: 	at com.android.flysilkworm.app.service.ApkReceiver.onReceive(ApkReceiver.java:4)
11-16 00:59:28.378  2391  2391 W System.err: 	at android.app.LoadedApk$ReceiverDispatcher$Args.lambda$getRunnable$0(LoadedApk.java:1391)
11-16 00:59:28.378  2391  2391 W System.err: 	at android.app.-$$Lambda$LoadedApk$ReceiverDispatcher$Args$_BumDX2UKsnxLVrE6UJsJZkotuA.run(Unknown Source:2)
11-16 00:59:28.378  2391  2391 W System.err: 	at android.os.Handler.handleCallback(Handler.java:873)
11-16 00:59:28.378  2391  2391 W System.err: 	at android.os.Handler.dispatchMessage(Handler.java:99)
11-16 00:59:28.378  2391  2391 W System.err: 	at android.os.Looper.loop(Looper.java:193)
11-16 00:59:28.378  2391  2391 W System.err: 	at android.app.ActivityThread.main(ActivityThread.java:6829)
11-16 00:59:28.378  2391  2391 W System.err: 	at java.lang.reflect.Method.invoke(Native Method)
11-16 00:59:28.378  2391  2391 W System.err: 	at com.android.internal.os.RuntimeInit$MethodAndArgsCaller.run(RuntimeInit.java:493)
11-16 00:59:28.378  2391  2391 W System.err: 	at com.android.internal.os.ZygoteInit.main(ZygoteInit.java:860)
11-16 00:59:28.378  2391  2391 W System.err: Caused by: java.io.IOException: error=13, Permission denied
11-16 00:59:28.378  2391  2391 W System.err: 	at java.lang.UNIXProcess.forkAndExec(Native Method)
11-16 00:59:28.378  2391  2391 W System.err: 	at java.lang.UNIXProcess.<init>(UNIXProcess.java:133)
11-16 00:59:28.378  2391  2391 W System.err: 	at java.lang.ProcessImpl.start(ProcessImpl.java:132)
11-16 00:59:28.378  2391  2391 W System.err: 	at java.lang.ProcessBuilder.start(ProcessBuilder.java:1029)
11-16 00:59:28.378  2391  2391 W System.err: 	... 15 more
11-16 00:59:28.417  1572  1572 V BackupManagerConstants: getFullBackupIntervalMilliseconds(...) returns 86400000
11-16 00:59:28.434  1572  1579 W System  : A resource failed to call close. 
11-16 00:59:28.435  1572  1579 I chatty  : uid=1000(system) FinalizerDaemon identical 7 lines
11-16 00:59:28.435  1572  1579 W System  : A resource failed to call close. 
11-16 00:59:28.450  2391  2391 E error   : 空目录
11-16 00:59:28.458  2391  2391 E error   : 空目录
11-16 00:59:28.484  1572  1586 W Searchables: No global search activity found
11-16 00:59:28.486  1572  1586 W VoiceInteractionManagerService: no available voice recognition services found for user 0
11-16 00:59:28.538  1901  1901 D CarrierSvcBindHelper: No carrier app for: 0
11-16 00:59:28.566  1901  1901 D CarrierConfigLoader: mHandler: 9 phoneId: 0
11-16 00:59:28.625  1572  1579 W System  : A resource failed to call close. 
11-16 00:59:28.625  1572  1579 I chatty  : uid=1000(system) FinalizerDaemon identical 18 lines
11-16 00:59:28.625  1572  1579 W System  : A resource failed to call close. 
11-16 00:59:28.793  2214  2214 I launcher-loader: type=1400 audit(0.0:820): avc: denied { read } for name="Applications" dev="sdcardfs" ino=1310722 scontext=u:r:untrusted_app_25:s0:c512,c768 tcontext=u:object_r:sdcardfs:s0 tclass=lnk_file permissive=1
11-16 00:59:28.793  2214  2214 I launcher-loader: type=1400 audit(0.0:820): avc: denied { search } for name="/" dev="vboxsf" ino=1 scontext=u:r:untrusted_app_25:s0:c512,c768 tcontext=u:object_r:unlabeled:s0 tclass=dir permissive=1
11-16 00:59:28.793  2214  2214 W launcher-loader: type=1300 audit(0.0:820): arch=c000003e syscall=269 success=no exit=-2 a0=ffffff9c a1=763879de5000 a2=0 a3=76388a334088 items=0 ppid=1409 auid=4294967295 uid=10026 gid=10026 euid=10026 suid=10026 fsuid=10026 egid=10026 sgid=10026 fsgid=10026 tty=(none) ses=4294967295 exe="/system/bin/app_process64" subj=u:r:untrusted_app_25:s0:c512,c768 key=(null)
11-16 00:59:28.793  1367  1367 W auditd  : type=1327 audit(0.0:820): proctitle="com.android.launcher3"
11-16 00:59:28.793  1367  1367 W auditd  : type=1320 audit(0.0:820): 
11-16 00:59:28.798  2214  2234 D Launcher.Model: 11683562 - loadWorkspaceScreensDb()
11-16 00:59:28.798  2214  2234 D Launcher.Model: 11683562 -   screens: { 0: 3 }
11-16 00:59:28.810  1572  1844 W BackupManagerService: dataChanged but no participant pkg='com.android.launcher3' uid=10026
11-16 00:59:28.811  2214  2234 D Launcher.Model: 11683562 - updateWorkspaceScreenOrder()
11-16 00:59:28.811  2214  2234 D Launcher.Model: 11683562 -   screens: 3
11-16 00:59:28.820  1572  1844 I chatty  : uid=1000(system) Binder:1572_6 identical 1 line
11-16 00:59:28.827  1572  1844 W BackupManagerService: dataChanged but no participant pkg='com.android.launcher3' uid=10026
11-16 00:59:28.828  2214  2214 D Launcher: 11683562 - bindAddScreens()
11-16 00:59:28.828  2214  2214 D Launcher: 11683562 -   orderedScreenIds: 
11-16 00:59:28.830  2214  2214 D Launcher.Workspace: 11683562 - removeExtraEmptyScreen()
11-16 00:59:28.830  2214  2214 D Launcher.Workspace: 11683562 - convertFinalScreenToEmptyScreenIfNecessary()
11-16 00:59:28.846  1572  2026 W BackupManagerService: dataChanged but no participant pkg='com.android.launcher3' uid=10026
11-16 00:59:29.292  2391  2391 D EventBus: No subscribers registered for event class com.android.flysilkworm.app.model.bean.MessageEvent
11-16 00:59:29.292  2391  2391 D EventBus: No subscribers registered for event class org.greenrobot.eventbus.h
11-16 00:59:30.960  1572  2161 V BackupManagerConstants: getFullBackupRequiredNetworkType(...) returns 2
11-16 00:59:30.960  1572  2161 V BackupManagerConstants: getFullBackupRequireCharging(...) returns true
11-16 00:59:31.273  1572  1572 I system_server: type=1400 audit(0.0:822): avc: denied { ioctl } for path="/dev/fastpipe" dev="tmpfs" ino=7230 ioctlcmd=6865 scontext=u:r:system_server:s0 tcontext=u:object_r:device:s0 tclass=chr_file permissive=1
11-16 00:59:31.273  1572  1572 W system_server: type=1300 audit(0.0:822): arch=c000003e syscall=16 success=yes exit=0 a0=5d a1=80046865 a2=76388be4f2a0 a3=826ef947a26dd items=0 ppid=1409 auid=4294967295 uid=1000 gid=1000 euid=1000 suid=1000 fsuid=1000 egid=1000 sgid=1000 fsgid=1000 tty=(none) ses=4294967295 exe="/system/bin/app_process64" subj=u:r:system_server:s0 key=(null)
11-16 00:59:31.273  1367  1367 W auditd  : type=1327 audit(0.0:822): proctitle="system_server"
11-16 00:59:31.273  1367  1367 W auditd  : type=1320 audit(0.0:822): 
11-16 00:59:31.363  1416  1416 I writer  : type=1400 audit(0.0:823): avc: denied { ioctl } for path="/dev/fastpipe" dev="tmpfs" ino=7230 ioctlcmd=6867 scontext=u:r:hal_audio_default:s0 tcontext=u:object_r:device:s0 tclass=chr_file permissive=1
11-16 00:59:31.366  1416  2740 D audio_hw_hal: raw_start_output_stream, stream=0xf5d9b000, sampleRate=48000, channel=2, bps=16, bufSize=4096
11-16 00:59:31.366  2214  2214 D LdShortcut: shortcutCmd cmd=7
11-16 00:59:31.366  1572  1844 I ActivityManager: START u0 {act=android.intent.action.MAIN cat=[android.intent.category.LAUNCHER] flg=0x10200000 cmp=com.idealdimension.EmpireAttack/cn.cmgame.billing.api.GameOpenActivity bnds=[567,144][800,317] (has extras)} from uid 10026
11-16 00:59:31.385  2170  2170 W ContextImpl: Calling a method in the system process without a qualified user: android.app.ContextImpl.startService:1531 android.content.ContextWrapper.startService:664 android.content.ContextWrapper.startService:664 com.android.coreservice.CoreBroadcastReceiver.onReceive:45 android.app.ActivityThread.handleReceiver:3424 
11-16 00:59:31.420  3375  3375 D nativebridge: PreInitializeNativeBridge name=zygote instruction_set=arm
11-16 00:59:31.421  1572  1589 I ActivityManager: Start proc 3375:com.idealdimension.EmpireAttack/u0a53 for activity com.idealdimension.EmpireAttack/cn.cmgame.billing.api.GameOpenActivity
11-16 00:59:31.441  3375  3375 W nativebridge: Failed to bind-mount /data/local/cfg-gandz/ as /proc/cpuinfo: Not a directory
11-16 00:59:31.443  3375  3375 I Zygote  : seccomp disabled by setenforce 0
11-16 00:59:31.444  3375  3375 V libnb   : enter native_bridge2_initialize /data/user/0/com.idealdimension.EmpireAttack/code_cache arm
11-16 00:59:31.446  3375  3375 D houdini : [3375] Initialize library(version: 9.0.7a_y.38597 RELEASE)... successfully.
11-16 00:59:31.446  3375  3375 V libnb   : enter native_bridge2_isCompatibleWith 2
11-16 00:59:31.446  3375  3375 I chatty  : uid=10053(com.idealdimension.EmpireAttack) identical 63 lines
11-16 00:59:31.446  3375  3375 V libnb   : enter native_bridge2_isCompatibleWith 2
11-16 00:59:31.452  3375  3375 E on.EmpireAttac: Not starting debugger since process cannot load the jdwp agent.
11-16 00:59:31.460  1572  1844 W ActivityManager: Request to remove task ignored for non-existent task 29
11-16 00:59:31.481  1572  1588 W ActivityManager: Showing SDK deprecation warning for package com.idealdimension.EmpireAttack
11-16 00:59:31.510  1572  2754 E EGL_emulation: tid 2754: eglSurfaceAttrib(1493): error 0x3009 (EGL_BAD_MATCH)
11-16 00:59:31.511  1572  2754 W OpenGLRenderer: Failed to set EGL_SWAP_BEHAVIOR on surface 0x76386b076900, error=EGL_BAD_MATCH
11-16 00:59:31.540  3375  3375 I on.EmpireAttac: The ClassLoaderContext is a special shared library.
11-16 00:59:31.541  3375  3375 V libnb   : enter native_bridge2_isCompatibleWith 3
11-16 00:59:31.541  3375  3375 V libnb   : enter native_bridge3_isPathSupported /data/app/com.idealdimension.EmpireAttack-dgqQRadCgq3p7_Xsg1KgNQ==/lib/arm:/system/fake-libs:/data/app/com.idealdimension.EmpireAttack-dgqQRadCgq3p7_Xsg1KgNQ==/base.apk!/lib/armeabi
11-16 00:59:31.541  3375  3375 V libnb   : enter native_bridge2_isCompatibleWith 3
11-16 00:59:31.541  3375  3375 V libnb   : enter native_bridge3_initAnonymousNamespace libandroid.so:libaaudio.so:libc.so:libcamera2ndk.so:libdl.so:libEGL.so:libGLESv1_CM.so:libGLESv2.so:libGLESv3.so:libicui18n.so:libicuuc.so:libjnigraphics.so:liblog.so:libmediandk.so:libm.so:libnativewindow.so:libneuralnetworks.so:libOpenMAXAL.so:libOpenSLES.so:libRS.so:libstdc++.so:libsync.so:libvulkan.so:libwebviewchromium_plat_support.so:libz.so, /data/app/com.idealdimension.EmpireAttack-dgqQRadCgq3p7_Xsg1KgNQ==/lib/arm:/system/fake-libs:/data/app/com.idealdimension.EmpireAttack-dgqQRadCgq3p7_Xsg1KgNQ==/base.apk!/lib/armeabi
11-16 00:59:31.541  3375  3375 V libnb   : enter native_bridge2_isCompatibleWith 3
11-16 00:59:31.541  3375  3375 V libnb   : enter native_bridge3_isPathSupported /data/app/com.idealdimension.EmpireAttack-dgqQRadCgq3p7_Xsg1KgNQ==/lib/arm:/system/fake-libs:/data/app/com.idealdimension.EmpireAttack-dgqQRadCgq3p7_Xsg1KgNQ==/base.apk!/lib/armeabi
11-16 00:59:31.541  3375  3375 V libnb   : enter native_bridge2_isCompatibleWith 3
11-16 00:59:31.541  3375  3375 V libnb   : enter native_bridge3_createNamespace classloader-namespace, (null), /data/app/com.idealdimension.EmpireAttack-dgqQRadCgq3p7_Xsg1KgNQ==/lib/arm:/system/fake-libs:/data/app/com.idealdimension.EmpireAttack-dgqQRadCgq3p7_Xsg1KgNQ==/base.apk!/lib/armeabi, /data:/mnt/expand:/data/user/0/com.idealdimension.EmpireAttack
11-16 00:59:31.541  3375  3375 V libnb   : enter native_bridge2_isCompatibleWith 4
11-16 00:59:31.541  3375  3375 V libnb   : enter native_bridge2_isCompatibleWith 3
11-16 00:59:31.541  3375  3375 V libnb   : enter native_bridge3_linkNamespaces libandroid.so:libaaudio.so:libc.so:libcamera2ndk.so:libdl.so:libEGL.so:libGLESv1_CM.so:libGLESv2.so:libGLESv3.so:libicui18n.so:libicuuc.so:libjnigraphics.so:liblog.so:libmediandk.so:libm.so:libnativewindow.so:libneuralnetworks.so:libOpenMAXAL.so:libOpenSLES.so:libRS.so:libstdc++.so:libsync.so:libvulkan.so:libwebviewchromium_plat_support.so:libz.so
11-16 00:59:31.547  2170  2170 W ContextImpl: Calling a method in the system process without a qualified user: android.app.ContextImpl.startService:1531 android.content.ContextWrapper.startService:664 android.content.ContextWrapper.startService:664 com.android.coreservice.CoreBroadcastReceiver.onReceive:54 android.app.ActivityThread.handleReceiver:3424 
11-16 00:59:31.561  3375  3375 I System.out: java.io.FileNotFoundException: /data/dalvik-cache/data@app@com.idealdimension.EmpireAttack-dgqQRadCgq3p7_Xsg1KgNQ==@base.apk@classes.dex (No such file or directory)
11-16 00:59:31.561  3375  3375 I System.out: 	at java.io.FileInputStream.open0(Native Method)
11-16 00:59:31.561  3375  3375 I System.out: 	at java.io.FileInputStream.open(FileInputStream.java:231)
11-16 00:59:31.561  3375  3375 I System.out: 	at java.io.FileInputStream.<init>(FileInputStream.java:165)
11-16 00:59:31.561  3375  3375 I System.out: 	at java.io.FileInputStream.<init>(FileInputStream.java:112)
11-16 00:59:31.561  3375  3375 I System.out: 	at com.bangcle.protect.Util.calFileMD5(Util.java:756)
11-16 00:59:31.561  3375  3375 I System.out: 	at com.bangcle.protect.Util.doCheck(Util.java:682)
11-16 00:59:31.561  3375  3375 I System.out: 	at com.bangcle.protect.Util.runAll(Util.java:785)
11-16 00:59:31.561  3375  3375 I System.out: 	at com.idealdimension.EmpireAttack.CmgameApplication.onCreate(ApplicationTemplate.java:50)
11-16 00:59:31.561  3375  3375 I System.out: 	at android.app.Instrumentation.callApplicationOnCreate(Instrumentation.java:1154)
11-16 00:59:31.561  3375  3375 I System.out: 	at android.app.ActivityThread.handleBindApplication(ActivityThread.java:6025)
11-16 00:59:31.561  3375  3375 I System.out: 	at android.app.ActivityThread.access$1100(ActivityThread.java:207)
11-16 00:59:31.561  3375  3375 I System.out: 	at android.app.ActivityThread$H.handleMessage(ActivityThread.java:1663)
11-16 00:59:31.561  3375  3375 I System.out: 	at android.os.Handler.dispatchMessage(Handler.java:106)
11-16 00:59:31.561  3375  3375 I System.out: 	at android.os.Looper.loop(Looper.java:193)
11-16 00:59:31.561  3375  3375 I System.out: 	at android.app.ActivityThread.main(ActivityThread.java:6829)
11-16 00:59:31.561  3375  3375 I System.out: 	at java.lang.reflect.Method.invoke(Native Method)
11-16 00:59:31.561  3375  3375 I System.out: 	at com.android.internal.os.RuntimeInit$MethodAndArgsCaller.run(RuntimeInit.java:493)
11-16 00:59:31.561  3375  3375 I System.out: 	at com.android.internal.os.ZygoteInit.main(ZygoteInit.java:860)
11-16 00:59:31.603  3375  3375 V libnb   : enter native_bridge2_isCompatibleWith 3
11-16 00:59:31.603  3375  3375 V libnb   : enter native_bridge3_loadLibraryExt /data/data/com.idealdimension.EmpireAttack/.cache/libsecexe.x86.so, 0, 0x3
11-16 00:59:31.607  1572  1579 W System  : A resource failed to call close. 
11-16 00:59:31.607  1572  1579 I chatty  : uid=1000(system) FinalizerDaemon identical 19 lines
11-16 00:59:31.607  1572  1579 W System  : A resource failed to call close. 
11-16 00:59:31.617  1443  2100 D SurfaceFlinger: duplicate layer name: changing Surface(name=db15f55 DeprecatedTargetSdkVersionDialog)/@0x58ed60e - animation-leash to Surface(name=db15f55 DeprecatedTargetSdkVersionDialog)/@0x58ed60e - animation-leash#1
11-16 00:59:31.625  3375  3375 W linker  : Warning: "/data/data/com.idealdimension.EmpireAttack/.cache/libsecexe.x86.so" has unsupported e_shentsize 0x0 (expected 0x28) and will not work when the app moves to API level 26 or later (https://android.googlesource.com/platform/bionic/+/master/invalid-elf-header_section-headers-enforced-for-api-level-26) (allowing for now because this app's target API level is still 14)
11-16 00:59:31.625  3375  3375 W linker  : Warning: "/data/data/com.idealdimension.EmpireAttack/.cache/libsecexe.x86.so" has invalid e_shstrndx and will not work when the app moves to API level 26 or later (https://android.googlesource.com/platform/bionic/+/master/invalid-elf-header_section-headers-enforced-for-api-level-26) (allowing for now because this app's target API level is still 14)
11-16 00:59:31.625  3375  3375 E linker  : "/data/data/com.idealdimension.EmpireAttack/.cache/libsecexe.x86.so" has no section headers
11-16 00:59:31.625  3375  3375 V libnb   : native_bridge3_loadLibraryExt: 0x0
11-16 00:59:31.625  3375  3375 V libnb   : enter native_bridge2_isCompatibleWith 3
11-16 00:59:31.625  3375  3375 V libnb   : enter native_bridge3_getError
11-16 00:59:31.625  3375  3375 D AndroidRuntime: Shutting down VM
--------- beginning of crash
11-16 00:59:31.625  3375  3375 E AndroidRuntime: FATAL EXCEPTION: main
11-16 00:59:31.625  3375  3375 E AndroidRuntime: Process: com.idealdimension.EmpireAttack, PID: 3375
11-16 00:59:31.625  3375  3375 E AndroidRuntime: java.lang.UnsatisfiedLinkError: no error!
11-16 00:59:31.625  3375  3375 E AndroidRuntime: 	at java.lang.Runtime.load0(Runtime.java:962)
11-16 00:59:31.625  3375  3375 E AndroidRuntime: 	at java.lang.System.load(System.java:1642)
11-16 00:59:31.625  3375  3375 E AndroidRuntime: 	at com.bangcle.protect.ACall.<clinit>(ACall.java:29)
11-16 00:59:31.625  3375  3375 E AndroidRuntime: 	at com.bangcle.protect.ACall.getACall(ACall.java:44)
11-16 00:59:31.625  3375  3375 E AndroidRuntime: 	at com.bangcle.protect.Util.CopyBinaryFile(Util.java:601)
11-16 00:59:31.625  3375  3375 E AndroidRuntime: 	at com.bangcle.protect.Util.runAll(Util.java:800)
11-16 00:59:31.625  3375  3375 E AndroidRuntime: 	at com.idealdimension.EmpireAttack.CmgameApplication.onCreate(ApplicationTemplate.java:50)
11-16 00:59:31.625  3375  3375 E AndroidRuntime: 	at android.app.Instrumentation.callApplicationOnCreate(Instrumentation.java:1154)
11-16 00:59:31.625  3375  3375 E AndroidRuntime: 	at android.app.ActivityThread.handleBindApplication(ActivityThread.java:6025)
11-16 00:59:31.625  3375  3375 E AndroidRuntime: 	at android.app.ActivityThread.access$1100(ActivityThread.java:207)
11-16 00:59:31.625  3375  3375 E AndroidRuntime: 	at android.app.ActivityThread$H.handleMessage(ActivityThread.java:1663)
11-16 00:59:31.625  3375  3375 E AndroidRuntime: 	at android.os.Handler.dispatchMessage(Handler.java:106)
11-16 00:59:31.625  3375  3375 E AndroidRuntime: 	at android.os.Looper.loop(Looper.java:193)
11-16 00:59:31.625  3375  3375 E AndroidRuntime: 	at android.app.ActivityThread.main(ActivityThread.java:6829)
11-16 00:59:31.625  3375  3375 E AndroidRuntime: 	at java.lang.reflect.Method.invoke(Native Method)
11-16 00:59:31.625  3375  3375 E AndroidRuntime: 	at com.android.internal.os.RuntimeInit$MethodAndArgsCaller.run(RuntimeInit.java:493)
11-16 00:59:31.625  3375  3375 E AndroidRuntime: 	at com.android.internal.os.ZygoteInit.main(ZygoteInit.java:860)
11-16 00:59:31.626  1572  2304 W ActivityManager:   Force finishing activity com.idealdimension.EmpireAttack/cn.cmgame.billing.api.GameOpenActivity
11-16 00:59:31.629  3375  3375 W System.err: java.lang.Exception: call killProcess callstack! pid=3375
11-16 00:59:31.629  3375  3375 W System.err: 	at android.os.Process.killProcess(Process.java:915)
11-16 00:59:31.629  3375  3375 W System.err: 	at com.android.internal.os.RuntimeInit$KillApplicationHandler.uncaughtException(RuntimeInit.java:157)
11-16 00:59:31.629  3375  3375 W System.err: 	at java.lang.ThreadGroup.uncaughtException(ThreadGroup.java:1085)
11-16 00:59:31.629  3375  3375 W System.err: 	at java.lang.ThreadGroup.uncaughtException(ThreadGroup.java:1065)
11-16 00:59:31.629  3375  3375 W System.err: 	at java.lang.Thread.dispatchUncaughtException(Thread.java:1955)
11-16 00:59:31.629  3375  3375 I Process : Sending signal. PID: 3375 SIG: 9
11-16 00:59:31.629  1572  1587 E SchedPolicy: set_timerslack_ns write failed: No such process
11-16 00:59:31.632  2170  2170 W ContextImpl: Calling a method in the system process without a qualified user: android.app.ContextImpl.startService:1531 android.content.ContextWrapper.startService:664 android.content.ContextWrapper.startService:664 com.android.coreservice.CoreBroadcastReceiver.onReceive:54 android.app.ActivityThread.handleReceiver:3424 
11-16 00:59:31.642  2170  2170 W ContextImpl: Calling a method in the system process without a qualified user: android.app.ContextImpl.sendBroadcast:1020 android.content.ContextWrapper.sendBroadcast:449 com.android.coreservice.TabManager.notifyClosing:413 com.android.coreservice.TabManager.updateInner:200 com.android.coreservice.TabManager.onUpdate:235 
11-16 00:59:31.651  2170  2170 I CoreService: notifyClosing notify tab closed taskPackageName:com.idealdimension.EmpireAttack
11-16 00:59:31.654  1572  1624 I ActivityManager: Process com.idealdimension.EmpireAttack (pid 3375) has died: vis  +99TOP 
11-16 00:59:31.654  1410  1410 I Zygote  : Process 3375 exited due to signal (9)
11-16 00:59:31.654  1572  1590 W libprocessgroup: kill(-3375, 9) failed: No such process
11-16 00:59:31.654  1572  1590 I libprocessgroup: Successfully killed process cgroup uid 10053 pid 3375 in 0ms
11-16 00:59:31.656  1572  1624 I         : fastpipe: Connect success
11-16 00:59:31.656  1572  1624 D HostConnection: HostRPC::connect sucess: app=system_server, pid=1572, tid=1624, this=0x76386d8e1bc0
11-16 00:59:31.657  1572  1624 D HostConnection: queryAndSetGLESMaxVersion select gles-version: 3.1 hostGLVersion:46 process:system_server
11-16 00:59:31.658  1443  2121 W SurfaceFlinger: Attempting to set client state on removed layer: Splash Screen com.idealdimension.EmpireAttack#0
11-16 00:59:31.658  1443  2121 W SurfaceFlinger: Attempting to destroy on removed layer: Splash Screen com.idealdimension.EmpireAttack#0
11-16 00:59:31.659  1572  1628 W WindowManager: Failed looking up window callers=com.android.server.wm.WindowManagerService.windowForClientLocked:5541 com.android.server.wm.WindowManagerService.removeWindow:1662 com.android.server.wm.Session.remove:226 
11-16 00:59:31.659  1443  2100 W SurfaceFlinger: Attempting to destroy on removed layer: AppWindowToken{6005098 token=Token{26afa7b ActivityRecord{17e620a u0 com.idealdimension.EmpireAttack/cn.cmgame.billing.api.GameOpenActivity t30}}}#0
11-16 00:59:31.709  2214  2310 E EGL_emulation: tid 2310: eglSurfaceAttrib(1493): error 0x3009 (EGL_BAD_MATCH)
11-16 00:59:31.709  2214  2310 W OpenGLRenderer: Failed to set EGL_SWAP_BEHAVIOR on surface 0x7638764a6d80, error=EGL_BAD_MATCH
11-16 00:59:31.710  2170  2170 W ContextImpl: Calling a method in the system process without a qualified user: android.app.ContextImpl.startService:1531 android.content.ContextWrapper.startService:664 android.content.ContextWrapper.startService:664 com.android.coreservice.CoreBroadcastReceiver.onReceive:45 android.app.ActivityThread.handleReceiver:3424 
11-16 00:59:31.730  2170  2170 W ContextImpl: Calling a method in the system process without a qualified user: android.app.ContextImpl.startService:1531 android.content.ContextWrapper.startService:664 android.content.ContextWrapper.startService:664 com.android.coreservice.CoreBroadcastReceiver.onReceive:54 android.app.ActivityThread.handleReceiver:3424 
11-16 00:59:32.248  2214  2310 W OpenGLRenderer: Incorrectly called buildLayer on View: ShortcutAndWidgetContainer, destroying layer...
11-16 00:59:32.941  1572  2754 D OpenGLRenderer: endAllActiveAnimators on 0x76386b31cb00 (RippleDrawable) with handle 0x76386a398ae0
11-16 00:59:32.967  1572  2754 I         : fastpipe: close connect
11-16 00:59:32.999  1572  1579 W System  : A resource failed to call close. 
11-16 00:59:33.000  1572  1579 I chatty  : uid=1000(system) FinalizerDaemon identical 24 lines
11-16 00:59:33.000  1572  1579 W System  : A resource failed to call close. 
11-16 00:59:33.014  1443  2100 W SurfaceFlinger: Attempting to set client state on removed layer: Dim Layer for - mAboveAppWindowsContainers#0
11-16 00:59:33.014  1443  2100 W SurfaceFlinger: Attempting to destroy on removed layer: Dim Layer for - mAboveAppWindowsContainers#0
11-16 00:59:33.019  1443  2121 W SurfaceFlinger: Attempting to destroy on removed layer: db15f55 DeprecatedTargetSdkVersionDialog#0
11-16 00:59:33.503  2214  2214 D LdShortcut: shortcutCmd cmd=7
11-16 00:59:33.505  1572  1844 I ActivityManager: START u0 {act=android.intent.action.MAIN cat=[android.intent.category.LAUNCHER] flg=0x10200000 cmp=com.idealdimension.EmpireAttack/cn.cmgame.billing.api.GameOpenActivity bnds=[567,144][800,317] (has extras)} from uid 10026
11-16 00:59:33.519  2170  2170 W ContextImpl: Calling a method in the system process without a qualified user: android.app.ContextImpl.startService:1531 android.content.ContextWrapper.startService:664 android.content.ContextWrapper.startService:664 com.android.coreservice.CoreBroadcastReceiver.onReceive:45 android.app.ActivityThread.handleReceiver:3424 
11-16 00:59:33.549  3396  3396 D nativebridge: PreInitializeNativeBridge name=zygote instruction_set=arm
11-16 00:59:33.553  1572  1589 I ActivityManager: Start proc 3396:com.idealdimension.EmpireAttack/u0a53 for activity com.idealdimension.EmpireAttack/cn.cmgame.billing.api.GameOpenActivity
11-16 00:59:33.564  3396  3396 W nativebridge: Failed to bind-mount /data/local/cfg-gandz/ as /proc/cpuinfo: Not a directory
11-16 00:59:33.566  3396  3396 I Zygote  : seccomp disabled by setenforce 0
11-16 00:59:33.567  3396  3396 V libnb   : enter native_bridge2_initialize /data/user/0/com.idealdimension.EmpireAttack/code_cache arm
11-16 00:59:33.569  3396  3396 D houdini : [3396] Initialize library(version: 9.0.7a_y.38597 RELEASE)... successfully.
11-16 00:59:33.569  3396  3396 V libnb   : enter native_bridge2_isCompatibleWith 2
11-16 00:59:33.570  3396  3396 I chatty  : uid=10053(com.idealdimension.EmpireAttack) identical 63 lines
11-16 00:59:33.570  3396  3396 V libnb   : enter native_bridge2_isCompatibleWith 2
11-16 00:59:33.571  3396  3396 E on.EmpireAttac: Not starting debugger since process cannot load the jdwp agent.
11-16 00:59:33.616  2170  2170 W ContextImpl: Calling a method in the system process without a qualified user: android.app.ContextImpl.startService:1531 android.content.ContextWrapper.startService:664 android.content.ContextWrapper.startService:664 com.android.coreservice.CoreBroadcastReceiver.onReceive:54 android.app.ActivityThread.handleReceiver:3424 
11-16 00:59:33.617  3396  3396 I on.EmpireAttac: The ClassLoaderContext is a special shared library.
11-16 00:59:33.618  3396  3396 V libnb   : enter native_bridge2_isCompatibleWith 3
11-16 00:59:33.618  3396  3396 V libnb   : enter native_bridge3_isPathSupported /data/app/com.idealdimension.EmpireAttack-dgqQRadCgq3p7_Xsg1KgNQ==/lib/arm:/system/fake-libs:/data/app/com.idealdimension.EmpireAttack-dgqQRadCgq3p7_Xsg1KgNQ==/base.apk!/lib/armeabi
11-16 00:59:33.618  3396  3396 V libnb   : enter native_bridge2_isCompatibleWith 3
11-16 00:59:33.618  3396  3396 V libnb   : enter native_bridge3_initAnonymousNamespace libandroid.so:libaaudio.so:libc.so:libcamera2ndk.so:libdl.so:libEGL.so:libGLESv1_CM.so:libGLESv2.so:libGLESv3.so:libicui18n.so:libicuuc.so:libjnigraphics.so:liblog.so:libmediandk.so:libm.so:libnativewindow.so:libneuralnetworks.so:libOpenMAXAL.so:libOpenSLES.so:libRS.so:libstdc++.so:libsync.so:libvulkan.so:libwebviewchromium_plat_support.so:libz.so, /data/app/com.idealdimension.EmpireAttack-dgqQRadCgq3p7_Xsg1KgNQ==/lib/arm:/system/fake-libs:/data/app/com.idealdimension.EmpireAttack-dgqQRadCgq3p7_Xsg1KgNQ==/base.apk!/lib/armeabi
11-16 00:59:33.618  3396  3396 V libnb   : enter native_bridge2_isCompatibleWith 3
11-16 00:59:33.618  3396  3396 V libnb   : enter native_bridge3_isPathSupported /data/app/com.idealdimension.EmpireAttack-dgqQRadCgq3p7_Xsg1KgNQ==/lib/arm:/system/fake-libs:/data/app/com.idealdimension.EmpireAttack-dgqQRadCgq3p7_Xsg1KgNQ==/base.apk!/lib/armeabi
11-16 00:59:33.618  3396  3396 V libnb   : enter native_bridge2_isCompatibleWith 3
11-16 00:59:33.618  3396  3396 V libnb   : enter native_bridge3_createNamespace classloader-namespace, (null), /data/app/com.idealdimension.EmpireAttack-dgqQRadCgq3p7_Xsg1KgNQ==/lib/arm:/system/fake-libs:/data/app/com.idealdimension.EmpireAttack-dgqQRadCgq3p7_Xsg1KgNQ==/base.apk!/lib/armeabi, /data:/mnt/expand:/data/user/0/com.idealdimension.EmpireAttack
11-16 00:59:33.618  3396  3396 V libnb   : enter native_bridge2_isCompatibleWith 4
11-16 00:59:33.618  3396  3396 V libnb   : enter native_bridge2_isCompatibleWith 3
11-16 00:59:33.618  3396  3396 V libnb   : enter native_bridge3_linkNamespaces libandroid.so:libaaudio.so:libc.so:libcamera2ndk.so:libdl.so:libEGL.so:libGLESv1_CM.so:libGLESv2.so:libGLESv3.so:libicui18n.so:libicuuc.so:libjnigraphics.so:liblog.so:libmediandk.so:libm.so:libnativewindow.so:libneuralnetworks.so:libOpenMAXAL.so:libOpenSLES.so:libRS.so:libstdc++.so:libsync.so:libvulkan.so:libwebviewchromium_plat_support.so:libz.so
11-16 00:59:33.620  3396  3396 I on.EmpireAttack: type=1400 audit(0.0:840): avc: denied { search } for name="/" dev="vboxsf" ino=1 scontext=u:r:untrusted_app_25:s0:c512,c768 tcontext=u:object_r:unlabeled:s0 tclass=dir permissive=1
11-16 00:59:33.620  3396  3396 W on.EmpireAttack: type=1300 audit(0.0:840): arch=40000003 syscall=307 per=8 success=no exit=-2 a0=ffffff9c a1=ec003000 a2=0 a3=71 items=0 ppid=1410 auid=4294967295 uid=10053 gid=10053 euid=10053 suid=10053 fsuid=10053 egid=10053 sgid=10053 fsgid=10053 tty=(none) ses=4294967295 exe="/system/bin/app_process32" subj=u:r:untrusted_app_25:s0:c512,c768 key=(null)
11-16 00:59:33.620  1367  1367 W auditd  : type=1327 audit(0.0:840): proctitle="com.idealdimension.EmpireAttack"
11-16 00:59:33.620  1367  1367 W auditd  : type=1320 audit(0.0:840): 
11-16 00:59:33.625  3396  3396 I System.out: java.io.FileNotFoundException: /data/dalvik-cache/data@app@com.idealdimension.EmpireAttack-dgqQRadCgq3p7_Xsg1KgNQ==@base.apk@classes.dex (No such file or directory)
11-16 00:59:33.625  3396  3396 I System.out: 	at java.io.FileInputStream.open0(Native Method)
11-16 00:59:33.625  3396  3396 I System.out: 	at java.io.FileInputStream.open(FileInputStream.java:231)
11-16 00:59:33.625  3396  3396 I System.out: 	at java.io.FileInputStream.<init>(FileInputStream.java:165)
11-16 00:59:33.625  3396  3396 I System.out: 	at java.io.FileInputStream.<init>(FileInputStream.java:112)
11-16 00:59:33.625  3396  3396 I System.out: 	at com.bangcle.protect.Util.calFileMD5(Util.java:756)
11-16 00:59:33.625  3396  3396 I System.out: 	at com.bangcle.protect.Util.doCheck(Util.java:682)
11-16 00:59:33.625  3396  3396 I System.out: 	at com.bangcle.protect.Util.runAll(Util.java:785)
11-16 00:59:33.625  3396  3396 I System.out: 	at com.idealdimension.EmpireAttack.CmgameApplication.onCreate(ApplicationTemplate.java:50)
11-16 00:59:33.625  3396  3396 I System.out: 	at android.app.Instrumentation.callApplicationOnCreate(Instrumentation.java:1154)
11-16 00:59:33.625  3396  3396 I System.out: 	at android.app.ActivityThread.handleBindApplication(ActivityThread.java:6025)
11-16 00:59:33.625  3396  3396 I System.out: 	at android.app.ActivityThread.access$1100(ActivityThread.java:207)
11-16 00:59:33.625  3396  3396 I System.out: 	at android.app.ActivityThread$H.handleMessage(ActivityThread.java:1663)
11-16 00:59:33.625  3396  3396 I System.out: 	at android.os.Handler.dispatchMessage(Handler.java:106)
11-16 00:59:33.625  3396  3396 I System.out: 	at android.os.Looper.loop(Looper.java:193)
11-16 00:59:33.625  3396  3396 I System.out: 	at android.app.ActivityThread.main(ActivityThread.java:6829)
11-16 00:59:33.625  3396  3396 I System.out: 	at java.lang.reflect.Method.invoke(Native Method)
11-16 00:59:33.625  3396  3396 I System.out: 	at com.android.internal.os.RuntimeInit$MethodAndArgsCaller.run(RuntimeInit.java:493)
11-16 00:59:33.625  3396  3396 I System.out: 	at com.android.internal.os.ZygoteInit.main(ZygoteInit.java:860)
11-16 00:59:33.629  3396  3396 V libnb   : enter native_bridge2_isCompatibleWith 3
11-16 00:59:33.629  3396  3396 V libnb   : enter native_bridge3_loadLibraryExt /data/data/com.idealdimension.EmpireAttack/.cache/libsecexe.x86.so, 0, 0x3
11-16 00:59:33.645  3396  3396 W linker  : Warning: "/data/data/com.idealdimension.EmpireAttack/.cache/libsecexe.x86.so" has unsupported e_shentsize 0x0 (expected 0x28) and will not work when the app moves to API level 26 or later (https://android.googlesource.com/platform/bionic/+/master/invalid-elf-header_section-headers-enforced-for-api-level-26) (allowing for now because this app's target API level is still 14)
11-16 00:59:33.645  3396  3396 W linker  : Warning: "/data/data/com.idealdimension.EmpireAttack/.cache/libsecexe.x86.so" has invalid e_shstrndx and will not work when the app moves to API level 26 or later (https://android.googlesource.com/platform/bionic/+/master/invalid-elf-header_section-headers-enforced-for-api-level-26) (allowing for now because this app's target API level is still 14)
11-16 00:59:33.645  3396  3396 E linker  : "/data/data/com.idealdimension.EmpireAttack/.cache/libsecexe.x86.so" has no section headers
11-16 00:59:33.645  3396  3396 V libnb   : native_bridge3_loadLibraryExt: 0x0
11-16 00:59:33.645  3396  3396 V libnb   : enter native_bridge2_isCompatibleWith 3
11-16 00:59:33.645  3396  3396 V libnb   : enter native_bridge3_getError
11-16 00:59:33.645  3396  3396 D AndroidRuntime: Shutting down VM
11-16 00:59:33.646  3396  3396 E AndroidRuntime: FATAL EXCEPTION: main
11-16 00:59:33.646  3396  3396 E AndroidRuntime: Process: com.idealdimension.EmpireAttack, PID: 3396
11-16 00:59:33.646  3396  3396 E AndroidRuntime: java.lang.UnsatisfiedLinkError: no error!
11-16 00:59:33.646  3396  3396 E AndroidRuntime: 	at java.lang.Runtime.load0(Runtime.java:962)
11-16 00:59:33.646  3396  3396 E AndroidRuntime: 	at java.lang.System.load(System.java:1642)
11-16 00:59:33.646  3396  3396 E AndroidRuntime: 	at com.bangcle.protect.ACall.<clinit>(ACall.java:29)
11-16 00:59:33.646  3396  3396 E AndroidRuntime: 	at com.bangcle.protect.ACall.getACall(ACall.java:44)
11-16 00:59:33.646  3396  3396 E AndroidRuntime: 	at com.bangcle.protect.Util.CopyBinaryFile(Util.java:601)
11-16 00:59:33.646  3396  3396 E AndroidRuntime: 	at com.bangcle.protect.Util.runAll(Util.java:800)
11-16 00:59:33.646  3396  3396 E AndroidRuntime: 	at com.idealdimension.EmpireAttack.CmgameApplication.onCreate(ApplicationTemplate.java:50)
11-16 00:59:33.646  3396  3396 E AndroidRuntime: 	at android.app.Instrumentation.callApplicationOnCreate(Instrumentation.java:1154)
11-16 00:59:33.646  3396  3396 E AndroidRuntime: 	at android.app.ActivityThread.handleBindApplication(ActivityThread.java:6025)
11-16 00:59:33.646  3396  3396 E AndroidRuntime: 	at android.app.ActivityThread.access$1100(ActivityThread.java:207)
11-16 00:59:33.646  3396  3396 E AndroidRuntime: 	at android.app.ActivityThread$H.handleMessage(ActivityThread.java:1663)
11-16 00:59:33.646  3396  3396 E AndroidRuntime: 	at android.os.Handler.dispatchMessage(Handler.java:106)
11-16 00:59:33.646  3396  3396 E AndroidRuntime: 	at android.os.Looper.loop(Looper.java:193)
11-16 00:59:33.646  3396  3396 E AndroidRuntime: 	at android.app.ActivityThread.main(ActivityThread.java:6829)
11-16 00:59:33.646  3396  3396 E AndroidRuntime: 	at java.lang.reflect.Method.invoke(Native Method)
11-16 00:59:33.646  3396  3396 E AndroidRuntime: 	at com.android.internal.os.RuntimeInit$MethodAndArgsCaller.run(RuntimeInit.java:493)
11-16 00:59:33.646  3396  3396 E AndroidRuntime: 	at com.android.internal.os.ZygoteInit.main(ZygoteInit.java:860)
11-16 00:59:33.662  1572  2304 W ActivityManager:   Force finishing activity com.idealdimension.EmpireAttack/cn.cmgame.billing.api.GameOpenActivity
11-16 00:59:33.664  1572  1588 I ActivityManager: Showing crash dialog for package com.idealdimension.EmpireAttack u0
11-16 00:59:33.692  1572  2754 I         : fastpipe: Connect success
11-16 00:59:33.693  1572  2754 D HostConnection: HostRPC::connect sucess: app=system_server, pid=1572, tid=2754, this=0x76386fd93100
11-16 00:59:33.694  1572  2754 D HostConnection: queryAndSetGLESMaxVersion select gles-version: 3.1 hostGLVersion:46 process:system_server
11-16 00:59:33.695  1572  2754 I ConfigStore: android::hardware::configstore::V1_0::ISurfaceFlingerConfigs::hasWideColorDisplay retrieved: 0
11-16 00:59:33.695  1572  2754 I ConfigStore: android::hardware::configstore::V1_0::ISurfaceFlingerConfigs::hasHDRDisplay retrieved: 0
11-16 00:59:33.695  1572  2754 I OpenGLRenderer: Initialized EGL, version 1.4
11-16 00:59:33.695  1572  2754 D OpenGLRenderer: Swap behavior 1
11-16 00:59:33.728  1721  1749 W ziparchive: Unable to open '/data/app/com.idealdimension.EmpireAttack-FoFrF0JdZLkC7sr4Z0ChhA==/base.apk': No such file or directory
11-16 00:59:33.728  1721  1749 E ndroid.systemu: Failed to open APK '/data/app/com.idealdimension.EmpireAttack-FoFrF0JdZLkC7sr4Z0ChhA==/base.apk' I/O error
11-16 00:59:33.728  1721  1749 E ResourcesManager: failed to add asset path /data/app/com.idealdimension.EmpireAttack-FoFrF0JdZLkC7sr4Z0ChhA==/base.apk
11-16 00:59:33.728  1721  1749 W PackageManager: Failure retrieving resources for com.idealdimension.EmpireAttack
11-16 00:59:33.728  1721  1749 W ziparchive: Unable to open '/data/app/com.idealdimension.EmpireAttack-FoFrF0JdZLkC7sr4Z0ChhA==/base.apk': No such file or directory
11-16 00:59:33.728  1721  1749 E ndroid.systemu: Failed to open APK '/data/app/com.idealdimension.EmpireAttack-FoFrF0JdZLkC7sr4Z0ChhA==/base.apk' I/O error
11-16 00:59:33.728  1721  1749 E ResourcesManager: failed to add asset path /data/app/com.idealdimension.EmpireAttack-FoFrF0JdZLkC7sr4Z0ChhA==/base.apk
11-16 00:59:33.728  1721  1749 W PackageManager: Failure retrieving resources for com.idealdimension.EmpireAttack
11-16 00:59:33.728  1721  1749 W ziparchive: Unable to open '/data/app/com.idealdimension.EmpireAttack-FoFrF0JdZLkC7sr4Z0ChhA==/base.apk': No such file or directory
11-16 00:59:33.728  1721  1749 E ndroid.systemu: Failed to open APK '/data/app/com.idealdimension.EmpireAttack-FoFrF0JdZLkC7sr4Z0ChhA==/base.apk' I/O error
11-16 00:59:33.728  1721  1749 E ResourcesManager: failed to add asset path /data/app/com.idealdimension.EmpireAttack-FoFrF0JdZLkC7sr4Z0ChhA==/base.apk
11-16 00:59:33.728  1721  1749 W PackageManager: Failure retrieving resources for com.idealdimension.EmpireAttack
11-16 00:59:33.743  1721  1721 I Binder:1721_2: type=1400 audit(0.0:841): avc: denied { read } for name="Applications" dev="sdcardfs" ino=1310722 scontext=u:r:platform_app:s0:c512,c768 tcontext=u:object_r:sdcardfs:s0 tclass=lnk_file permissive=1
11-16 00:59:33.743  1572  2754 D EGL_emulation: eglCreateContext: 0x76386ac25a80: maj 3 min 1 rcv 4
11-16 00:59:33.748  1721  1749 E ndroid.systemu: No package ID ff found for ID 0xffffffff.
11-16 00:59:33.748  1721  1749 E IconLoader: Could not find icon drawable from resource
11-16 00:59:33.748  1721  1749 E IconLoader: android.content.res.Resources$NotFoundException: Resource ID #0xffffffff
11-16 00:59:33.748  1721  1749 E IconLoader: 	at android.content.res.ResourcesImpl.getValueForDensity(ResourcesImpl.java:236)
11-16 00:59:33.748  1721  1749 E IconLoader: 	at android.content.res.Resources.getDrawableForDensity(Resources.java:887)
11-16 00:59:33.748  1721  1749 E IconLoader: 	at android.content.res.Resources.getDrawable(Resources.java:827)
11-16 00:59:33.748  1721  1749 E IconLoader: 	at com.android.systemui.shared.recents.model.IconLoader.createNewIconForTask(IconLoader.java:118)
11-16 00:59:33.748  1721  1749 E IconLoader: 	at com.android.systemui.shared.recents.model.IconLoader.getAndInvalidateIfModified(IconLoader.java:94)
11-16 00:59:33.748  1721  1749 E IconLoader: 	at com.android.systemui.shared.recents.model.RecentsTaskLoader.getAndUpdateActivityIcon(RecentsTaskLoader.java:325)
11-16 00:59:33.748  1721  1749 E IconLoader: 	at com.android.systemui.shared.recents.model.RecentsTaskLoadPlan.executePlan(RecentsTaskLoadPlan.java:188)
11-16 00:59:33.748  1721  1749 E IconLoader: 	at com.android.systemui.shared.recents.model.RecentsTaskLoader.loadTasks(RecentsTaskLoader.java:173)
11-16 00:59:33.748  1721  1749 E IconLoader: 	at com.android.systemui.recents.RecentsImpl$TaskStackListenerImpl.onTaskStackChangedBackground(RecentsImpl.java:184)
11-16 00:59:33.748  1721  1749 E IconLoader: 	at com.android.systemui.shared.system.TaskStackChangeListeners.onTaskStackChanged(TaskStackChangeListeners.java:80)
11-16 00:59:33.748  1721  1749 E IconLoader: 	at android.app.ITaskStackListener$Stub.onTransact(ITaskStackListener.java:50)
11-16 00:59:33.748  1721  1749 E IconLoader: 	at android.os.Binder.execTransact(Binder.java:731)
11-16 00:59:33.748  1721  1749 W ziparchive: Unable to open '/data/app/com.idealdimension.EmpireAttack-FoFrF0JdZLkC7sr4Z0ChhA==/base.apk': No such file or directory
11-16 00:59:33.748  1721  1749 E ndroid.systemu: Failed to open APK '/data/app/com.idealdimension.EmpireAttack-FoFrF0JdZLkC7sr4Z0ChhA==/base.apk' I/O error
11-16 00:59:33.748  1721  1749 E ResourcesManager: failed to add asset path /data/app/com.idealdimension.EmpireAttack-FoFrF0JdZLkC7sr4Z0ChhA==/base.apk
11-16 00:59:33.748  1721  1749 W PackageManager: Failure retrieving resources for com.idealdimension.EmpireAttack
11-16 00:59:33.761  1572  2754 D HostConnection: ExtendedRCEncoderContext GL_VERSION return OpenGL ES 3.1 v1
11-16 00:59:33.769  1572  2754 E eglCodecCommon: glUtilsParamSize: unknow param 0x00008c29
11-16 00:59:33.770  1572  2754 E eglCodecCommon: glUtilsParamSize: unknow param 0x000087fe
11-16 00:59:33.786  1572  2754 E EGL_emulation: tid 2754: eglSurfaceAttrib(1493): error 0x3009 (EGL_BAD_MATCH)
11-16 00:59:33.786  1572  2754 W OpenGLRenderer: Failed to set EGL_SWAP_BEHAVIOR on surface 0x7638724e6c80, error=EGL_BAD_MATCH
11-16 00:59:33.841  1572  1588 W Looper  : Slow dispatch took 141ms android.ui h=android.view.Choreographer$FrameHandler c=android.view.Choreographer$FrameDisplayEventReceiver@71bfd92 m=0
11-16 00:59:33.847  1572  1579 W System  : A resource failed to call close. 
11-16 00:59:33.848  1572  1579 I chatty  : uid=1000(system) FinalizerDaemon identical 16 lines
11-16 00:59:33.848  1572  1579 W System  : A resource failed to call close. 
11-16 00:59:34.164  1572  1587 W ActivityManager: Activity pause timeout for ActivityRecord{3c051a3 u0 com.idealdimension.EmpireAttack/cn.cmgame.billing.api.GameOpenActivity t31 f}
11-16 00:59:34.201  2214  2310 E EGL_emulation: tid 2310: eglSurfaceAttrib(1493): error 0x3009 (EGL_BAD_MATCH)
